 MEXMandelbrotCUDAArrayFire

 Timestamp is 5562b67d (Sun May 24 22:43:25 2015)

 Preferred load address is 0000000180000000

 Start         Length     Name                   Class
 0001:00000000 00000053H .text$di                CODE
 0001:00000060 00000c9eH .text$mn                CODE
 0001:00000d00 00000080H .text$x                 CODE
 0001:00000d80 00000000H .text$yd                CODE
 0002:00000000 000001e8H .idata$5                DATA
 0002:000001e8 00000008H .CRT$XCA                DATA
 0002:000001f0 00000028H .CRT$XCU                DATA
 0002:00000218 00000008H .CRT$XCZ                DATA
 0002:00000220 00000008H .CRT$XIA                DATA
 0002:00000228 00000008H .CRT$XIAA               DATA
 0002:00000230 00000008H .CRT$XIC                DATA
 0002:00000238 00000008H .CRT$XIZ                DATA
 0002:00000240 00000190H .rdata                  DATA
 0002:000003d0 000000a0H .rdata$debug            DATA
 0002:00000470 00000000H .rdata$r                DATA
 0002:00000470 00000008H .rtc$IAA                DATA
 0002:00000478 00000008H .rtc$IZZ                DATA
 0002:00000480 00000008H .rtc$TAA                DATA
 0002:00000488 00000008H .rtc$TZZ                DATA
 0002:00000490 000000fcH .xdata                  DATA
 0002:00000590 00000060H .edata                  DATA
 0002:000005f0 000000a0H .idata$2                DATA
 0002:00000690 00000014H .idata$3                DATA
 0002:000006a8 000001e8H .idata$4                DATA
 0002:00000890 0000052eH .idata$6                DATA
 0003:00000000 00000018H .data                   DATA
 0003:00000018 00000000H .data$r                 DATA
 0003:00000018 000000a0H .bss                    DATA
 0004:00000000 000000d8H .pdata                  DATA
 0005:00000000 00000798H .nv_fatbin              DATA
 0006:00000000 00000018H .nvFatBinSegment        DATA

  Address         Publics by Value              Rva+Base               Lib:Object

 0000:00000000       ___safe_se_handler_count   0000000000000000     <absolute>
 0000:00000000       __guard_fids_count         0000000000000000     <absolute>
 0000:00000000       ___safe_se_handler_table   0000000000000000     <absolute>
 0000:00000000       __guard_fids_table         0000000000000000     <absolute>
 0000:00000000       __guard_flags              0000000000000000     <absolute>
 0000:00000000       __ImageBase                0000000180000000     <linker-defined>
 0001:000000c0       mexFunction                00000001800010c0 f   CUDAMexMandelbrotArrayFire.cu.obj
 0001:000004f0       cudaMemcpy                 00000001800014f0 f   cudart:cudart64_65.dll
 0001:000004f6       __cudaRegisterFatBinary    00000001800014f6 f   cudart:cudart64_65.dll
 0001:000004fc       __cudaUnregisterFatBinary  00000001800014fc f   cudart:cudart64_65.dll
 0001:00000502       mxInitGPU                  0000000180001502 f   gpu:gpu.dll
 0001:00000508       mxGPUCreateFromMxArray     0000000180001508 f   gpu:gpu.dll
 0001:0000050e       mxGPUCreateGPUArray        000000018000150e f   gpu:gpu.dll
 0001:00000514       mxGPUGetClassID            0000000180001514 f   gpu:gpu.dll
 0001:0000051a       mxGPUGetComplexity         000000018000151a f   gpu:gpu.dll
 0001:00000520       mxGPUGetData               0000000180001520 f   gpu:gpu.dll
 0001:00000526       mxGPUGetDataReadOnly       0000000180001526 f   gpu:gpu.dll
 0001:0000052c       mxGPUGetDimensions         000000018000152c f   gpu:gpu.dll
 0001:00000532       mxGPUGetNumberOfDimensions 0000000180001532 f   gpu:gpu.dll
 0001:00000538       mxGPUCreateMxArrayOnGPU    0000000180001538 f   gpu:gpu.dll
 0001:0000053e       mxGPUDestroyGPUArray       000000018000153e f   gpu:gpu.dll
 0001:00000544       mxGetScalar                0000000180001544 f   libmx:libmx.dll
 0001:0000054a       mexErrMsgTxt               000000018000154a f   libmex:libmex.dll
 0001:00000550       mexPrintf                  0000000180001550 f   libmex:libmex.dll
 0001:00000556       ??$?0N@array@af@@QEAA@HPEBNW4af_source_t@1@H@Z 0000000180001556 f   afcuda:afcuda.dll
 0001:0000055c       ??$?0N@array@af@@QEAA@HHPEBNW4af_source_t@1@H@Z 000000018000155c f   afcuda:afcuda.dll
 0001:00000562       ??$device@N@array@af@@QEBAPEANXZ 0000000180001562 f   afcuda:afcuda.dll
 0001:00000568       __atonexitinit             0000000180001568 f   MSVCRT:atonexit.obj
 0001:000005b8       _onexit                    00000001800015b8 f   MSVCRT:atonexit.obj
 0001:00000668       atexit                     0000000180001668 f   MSVCRT:atonexit.obj
 0001:000006e0       _CRT_INIT                  00000001800016e0 f   MSVCRT:crtdll.obj
 0001:0000092c       _DllMainCRTStartup         000000018000192c f   MSVCRT:crtdll.obj
 0001:00000aa2       _lock                      0000000180001aa2 f   MSVCRT:MSVCR120.dll
 0001:00000aa8       _unlock                    0000000180001aa8 f   MSVCRT:MSVCR120.dll
 0001:00000aae       __dllonexit                0000000180001aae f   MSVCRT:MSVCR120.dll
 0001:00000ab4       __C_specific_handler       0000000180001ab4 f   MSVCRT:MSVCR120.dll
 0001:00000aba       __CppXcptFilter            0000000180001aba f   MSVCRT:MSVCR120.dll
 0001:00000ac0       _amsg_exit                 0000000180001ac0 f   MSVCRT:MSVCR120.dll
 0001:00000ad0       _FindPESection             0000000180001ad0 f   MSVCRT:pesect.obj
 0001:00000b20       _IsNonwritableInCurrentImage 0000000180001b20 f   MSVCRT:pesect.obj
 0001:00000b70       _ValidateImageBase         0000000180001b70 f   MSVCRT:pesect.obj
 0001:00000ba0       __security_init_cookie     0000000180001ba0 f   MSVCRT:gs_support.obj
 0001:00000c4c       DllMain                    0000000180001c4c f   MSVCRT:dllmain.obj
 0001:00000c70       _RTC_Initialize            0000000180001c70 f   MSVCRT:initsect.obj
 0001:00000ca8       _RTC_Terminate             0000000180001ca8 f   MSVCRT:initsect.obj
 0001:00000ce0       _initterm                  0000000180001ce0 f   MSVCRT:MSVCR120.dll
 0001:00000ce6       _initterm_e                0000000180001ce6 f   MSVCRT:MSVCR120.dll
 0001:00000cec       __clean_type_info_names    0000000180001cec f   MSVCRT:tncleanup.obj
 0001:00000cf8       __clean_type_info_names_internal 0000000180001cf8 f   MSVCRT:MSVCR120.dll
 0002:00000000       __imp_DisableThreadLibraryCalls 0000000180002000     kernel32:KERNEL32.dll
 0002:00000008       __imp_GetSystemTimeAsFileTime 0000000180002008     kernel32:KERNEL32.dll
 0002:00000010       __imp_GetCurrentThreadId   0000000180002010     kernel32:KERNEL32.dll
 0002:00000018       __imp_GetCurrentProcessId  0000000180002018     kernel32:KERNEL32.dll
 0002:00000020       __imp_QueryPerformanceCounter 0000000180002020     kernel32:KERNEL32.dll
 0002:00000028       __imp_DecodePointer        0000000180002028     kernel32:KERNEL32.dll
 0002:00000030       __imp_EncodePointer        0000000180002030     kernel32:KERNEL32.dll
 0002:00000038       \177KERNEL32_NULL_THUNK_DATA 0000000180002038     kernel32:KERNEL32.dll
 0002:00000040       __imp__Nan                 0000000180002040     msvcprt:MSVCP120.dll
 0002:00000048       __imp__Inf                 0000000180002048     msvcprt:MSVCP120.dll
 0002:00000050       \177MSVCP120_NULL_THUNK_DATA 0000000180002050     msvcprt:MSVCP120.dll
 0002:00000058       __imp__amsg_exit           0000000180002058     MSVCRT:MSVCR120.dll
 0002:00000060       __imp___CppXcptFilter      0000000180002060     MSVCRT:MSVCR120.dll
 0002:00000068       __imp__onexit              0000000180002068     MSVCRT:MSVCR120.dll
 0002:00000070       __imp___C_specific_handler 0000000180002070     MSVCRT:MSVCR120.dll
 0002:00000078       __imp___dllonexit          0000000180002078     MSVCRT:MSVCR120.dll
 0002:00000080       __imp__calloc_crt          0000000180002080     MSVCRT:MSVCR120.dll
 0002:00000088       __imp_free                 0000000180002088     MSVCRT:MSVCR120.dll
 0002:00000090       __imp__lock                0000000180002090     MSVCRT:MSVCR120.dll
 0002:00000098       __imp__malloc_crt          0000000180002098     MSVCRT:MSVCR120.dll
 0002:000000a0       __imp__initterm            00000001800020a0     MSVCRT:MSVCR120.dll
 0002:000000a8       __imp__initterm_e          00000001800020a8     MSVCRT:MSVCR120.dll
 0002:000000b0       __imp___clean_type_info_names_internal 00000001800020b0     MSVCRT:MSVCR120.dll
 0002:000000b8       __imp__unlock              00000001800020b8     MSVCRT:MSVCR120.dll
 0002:000000c0       \177MSVCR120_NULL_THUNK_DATA 00000001800020c0     MSVCRT:MSVCR120.dll
 0002:000000c8       __imp_??$device@N@array@af@@QEBAPEANXZ 00000001800020c8     afcuda:afcuda.dll
 0002:000000d0       __imp_??$?0N@array@af@@QEAA@HHPEBNW4af_source_t@1@H@Z 00000001800020d0     afcuda:afcuda.dll
 0002:000000d8       __imp_??$?0N@array@af@@QEAA@HPEBNW4af_source_t@1@H@Z 00000001800020d8     afcuda:afcuda.dll
 0002:000000e0       __imp_?tile@af@@YA?AVarray@1@AEBV21@IIII@Z 00000001800020e0     afcuda:afcuda.dll
 0002:000000e8       __imp_?log@af@@YA?AVarray@1@AEBV21@@Z 00000001800020e8     afcuda:afcuda.dll
 0002:000000f0       __imp_?complex@af@@YA?AVarray@1@AEBV21@0@Z 00000001800020f0     afcuda:afcuda.dll
 0002:000000f8       __imp_?abs@af@@YA?AVarray@1@AEBV21@@Z 00000001800020f8     afcuda:afcuda.dll
 0002:00000100       __imp_??Narray@af@@QEBA?AV01@AEBH@Z 0000000180002100     afcuda:afcuda.dll
 0002:00000108       __imp_??Darray@af@@QEBA?AV01@AEBV01@@Z 0000000180002108     afcuda:afcuda.dll
 0002:00000110       __imp_??Harray@af@@QEBA?AV01@AEBV01@@Z 0000000180002110     afcuda:afcuda.dll
 0002:00000118       __imp_??4array@af@@QEAAAEAV01@AEBV01@@Z 0000000180002118     afcuda:afcuda.dll
 0002:00000120       __imp_?T@array@af@@QEBA?AV12@XZ 0000000180002120     afcuda:afcuda.dll
 0002:00000128       __imp_??1array@af@@QEAA@XZ 0000000180002128     afcuda:afcuda.dll
 0002:00000130       __imp_??0array@af@@QEAA@AEBV01@@Z 0000000180002130     afcuda:afcuda.dll
 0002:00000138       \177afcuda_NULL_THUNK_DATA 0000000180002138     afcuda:afcuda.dll
 0002:00000140       __imp___cudaRegisterFatBinary 0000000180002140     cudart:cudart64_65.dll
 0002:00000148       __imp___cudaUnregisterFatBinary 0000000180002148     cudart:cudart64_65.dll
 0002:00000150       __imp_cudaMemcpy           0000000180002150     cudart:cudart64_65.dll
 0002:00000158       \177cudart64_65_NULL_THUNK_DATA 0000000180002158     cudart:cudart64_65.dll
 0002:00000160       __imp_mxGPUGetComplexity   0000000180002160     gpu:gpu.dll
 0002:00000168       __imp_mxGPUDestroyGPUArray 0000000180002168     gpu:gpu.dll
 0002:00000170       __imp_mxGPUCreateMxArrayOnGPU 0000000180002170     gpu:gpu.dll
 0002:00000178       __imp_mxGPUGetNumberOfDimensions 0000000180002178     gpu:gpu.dll
 0002:00000180       __imp_mxGPUGetDimensions   0000000180002180     gpu:gpu.dll
 0002:00000188       __imp_mxGPUGetDataReadOnly 0000000180002188     gpu:gpu.dll
 0002:00000190       __imp_mxGPUGetData         0000000180002190     gpu:gpu.dll
 0002:00000198       __imp_mxGPUCreateFromMxArray 0000000180002198     gpu:gpu.dll
 0002:000001a0       __imp_mxGPUGetClassID      00000001800021a0     gpu:gpu.dll
 0002:000001a8       __imp_mxGPUCreateGPUArray  00000001800021a8     gpu:gpu.dll
 0002:000001b0       __imp_mxInitGPU            00000001800021b0     gpu:gpu.dll
 0002:000001b8       \177gpu_NULL_THUNK_DATA    00000001800021b8     gpu:gpu.dll
 0002:000001c0       __imp_mexErrMsgTxt         00000001800021c0     libmex:libmex.dll
 0002:000001c8       __imp_mexPrintf            00000001800021c8     libmex:libmex.dll
 0002:000001d0       \177libmex_NULL_THUNK_DATA 00000001800021d0     libmex:libmex.dll
 0002:000001d8       __imp_mxGetScalar          00000001800021d8     libmx:libmx.dll
 0002:000001e0       \177libmx_NULL_THUNK_DATA  00000001800021e0     libmx:libmx.dll
 0002:000001e8       __xc_a                     00000001800021e8     MSVCRT:cinitexe.obj
 0002:00000218       __xc_z                     0000000180002218     MSVCRT:cinitexe.obj
 0002:00000220       __xi_a                     0000000180002220     MSVCRT:cinitexe.obj
 0002:00000238       __xi_z                     0000000180002238     MSVCRT:cinitexe.obj
 0002:00000280       ??_C@_0FN@EDDCMFGC@Executing?5custom?5mex?5for?5computi@ 0000000180002280     CUDAMexMandelbrotArrayFire.cu.obj
 0002:000002e0       ??_C@_0CA@DLCNGMPO@Expected?55?5inputs?5and?51?5output?4?$AA@ 00000001800022e0     CUDAMexMandelbrotArrayFire.cu.obj
 0002:00000300       ??_C@_0EG@NPNKHKPG@Finished?5processing?5custom?5CUDA?5@ 0000000180002300     CUDAMexMandelbrotArrayFire.cu.obj
 0002:00000348       __real@43e0000000000000    0000000180002348     CUDAMexMandelbrotArrayFire.cu.obj
 0002:00000350       _pRawDllMain               0000000180002350     MSVCRT:crtdll.obj
 0002:00000350       _pDefaultRawDllMain        0000000180002350     MSVCRT:crtdll.obj
 0002:00000360       _load_config_used          0000000180002360     MSVCRT:loadcfg.obj
 0002:00000470       __rtc_iaa                  0000000180002470     MSVCRT:initsect.obj
 0002:00000478       __rtc_izz                  0000000180002478     MSVCRT:initsect.obj
 0002:00000480       __rtc_taa                  0000000180002480     MSVCRT:initsect.obj
 0002:00000488       __rtc_tzz                  0000000180002488     MSVCRT:initsect.obj
 0002:000005f0       __IMPORT_DESCRIPTOR_cudart64_65 00000001800025f0     cudart:cudart64_65.dll
 0002:00000604       __IMPORT_DESCRIPTOR_gpu    0000000180002604     gpu:gpu.dll
 0002:00000618       __IMPORT_DESCRIPTOR_libmx  0000000180002618     libmx:libmx.dll
 0002:0000062c       __IMPORT_DESCRIPTOR_libmex 000000018000262c     libmex:libmex.dll
 0002:00000640       __IMPORT_DESCRIPTOR_afcuda 0000000180002640     afcuda:afcuda.dll
 0002:00000654       __IMPORT_DESCRIPTOR_MSVCP120 0000000180002654     msvcprt:MSVCP120.dll
 0002:00000668       __IMPORT_DESCRIPTOR_MSVCR120 0000000180002668     MSVCRT:MSVCR120.dll
 0002:0000067c       __IMPORT_DESCRIPTOR_KERNEL32 000000018000267c     kernel32:KERNEL32.dll
 0002:00000690       __NULL_IMPORT_DESCRIPTOR   0000000180002690     cudart:cudart64_65.dll
 0003:00000000       _fltused                   0000000180003000     MSVCRT:dllsupp.obj
 0003:00000004       __native_dllmain_reason    0000000180003004     MSVCRT:natstart.obj
 0003:00000008       __security_cookie          0000000180003008     MSVCRT:gs_cookie.obj
 0003:00000010       __security_cookie_complement 0000000180003010     MSVCRT:gs_cookie.obj
 0003:00000040       ?_Generic_object@?$_Error_objects@H@std@@2V_Generic_error_category@2@A 0000000180003040     CUDAMexMandelbrotArrayFire.cu.obj
 0003:00000048       ?_Iostream_object@?$_Error_objects@H@std@@2V_Iostream_error_category@2@A 0000000180003048     CUDAMexMandelbrotArrayFire.cu.obj
 0003:00000050       ?_System_object@?$_Error_objects@H@std@@2V_System_error_category@2@A 0000000180003050     CUDAMexMandelbrotArrayFire.cu.obj
 0003:00000058       ?id@?$num_put@DV?$back_insert_iterator@V?$basic_string@DU?$char_traits@D@std@@V?$allocator@D@2@@std@@@std@@@std@@2V0locale@2@A 0000000180003058     CUDAMexMandelbrotArrayFire.cu.obj
 0003:00000060       ?id@?$num_put@_WV?$back_insert_iterator@V?$basic_string@_WU?$char_traits@_W@std@@V?$allocator@_W@2@@std@@@std@@@std@@2V0locale@2@A 0000000180003060     CUDAMexMandelbrotArrayFire.cu.obj
 0003:00000080       ?__type_info_root_node@@3U__type_info_node@@A 0000000180003080     MSVCRT:tncleanup.obj
 0003:00000090       __native_startup_lock      0000000180003090     <common>
 0003:00000098       __native_startup_state     0000000180003098     <common>
 0003:000000a0       __dyn_tls_init_callback    00000001800030a0     <common>
 0003:000000a8       __onexitend                00000001800030a8     <common>
 0003:000000b0       __onexitbegin              00000001800030b0     <common>

 entry point at        0001:0000092c

 Static symbols

 0000:ffff8000       .debug$S                   0000000180000000     MSVCRT:MSVCR120.dll
 0000:ffff8000       .debug$S                   0000000180000000     MSVCRT:MSVCR120.dll
 0000:ffff8000       .debug$S                   0000000180000000     MSVCRT:MSVCR120.dll
 0000:ffff8000       .debug$S                   0000000180000000     MSVCRT:MSVCR120.dll
 0000:ffff8000       .debug$S                   0000000180000000     MSVCRT:MSVCR120.dll
 0000:ffff8000       .debug$S                   0000000180000000     MSVCRT:MSVCR120.dll
 0000:ffff8000       .debug$S                   0000000180000000     MSVCRT:MSVCR120.dll
 0000:ffff8000       .debug$S                   0000000180000000     MSVCRT:MSVCR120.dll
 0000:ffff8000       .debug$S                   0000000180000000     MSVCRT:MSVCR120.dll
 0000:ffff8000       .debug$S                   0000000180000000     MSVCRT:MSVCR120.dll
 0000:ffff8000       .debug$S                   0000000180000000     MSVCRT:MSVCR120.dll
 0000:ffff8000       .debug$S                   0000000180000000     MSVCRT:MSVCR120.dll
 0000:ffff8000       .debug$S                   0000000180000000     MSVCRT:MSVCR120.dll
 0000:ffff8000       .debug$S                   0000000180000000     MSVCRT:MSVCR120.dll
 0000:ffff8000       .debug$S                   0000000180000000     MSVCRT:MSVCR120.dll
 0000:ffff8000       .debug$S                   0000000180000000     MSVCRT:MSVCR120.dll
 0000:ffff8000       .debug$S                   0000000180000000     MSVCRT:MSVCR120.dll
 0000:ffff8000       .debug$S                   0000000180000000     MSVCRT:MSVCR120.dll
 0000:ffff8000       .debug$S                   0000000180000000     MSVCRT:MSVCR120.dll
 0000:ffff8000       .debug$S                   0000000180000000     MSVCRT:MSVCR120.dll
 0000:ffff8000       .debug$S                   0000000180000000     MSVCRT:MSVCR120.dll
 0000:ffff8000       .debug$S                   0000000180000000     MSVCRT:MSVCR120.dll
 0000:ffff8000       .debug$S                   0000000180000000     MSVCRT:MSVCR120.dll
 0000:ffff8000       .debug$S                   0000000180000000     MSVCRT:MSVCR120.dll
 0000:ffff8000       .debug$S                   0000000180000000     MSVCRT:MSVCR120.dll
 0000:ffff8000       .debug$S                   0000000180000000     MSVCRT:MSVCR120.dll
 0000:ffff8000       .debug$S                   0000000180000000     MSVCRT:MSVCR120.dll
 0000:ffff8000       .debug$S                   0000000180000000     MSVCRT:MSVCR120.dll
 0000:ffff8000       .debug$S                   0000000180000000     MSVCRT:MSVCR120.dll
 0000:ffff8000       .debug$S                   0000000180000000     MSVCRT:MSVCR120.dll
 0000:ffff8000       .debug$S                   0000000180000000     MSVCRT:MSVCR120.dll
 0000:ffff8000       .debug$S                   0000000180000000     MSVCRT:MSVCR120.dll
 0000:ffff8000       .debug$S                   0000000180000000     MSVCRT:MSVCR120.dll
 0000:ffff8000       .debug$S                   0000000180000000     cudart:cudart64_65.dll
 0000:ffff8000       .debug$S                   0000000180000000     cudart:cudart64_65.dll
 0000:ffff8000       .debug$S                   0000000180000000     cudart:cudart64_65.dll
 0000:ffff8000       .debug$S                   0000000180000000     MSVCRT:MSVCR120.dll
 0000:ffff8000       .debug$S                   0000000180000000     kernel32:KERNEL32.dll
 0000:ffff8000       .debug$S                   0000000180000000     kernel32:KERNEL32.dll
 0000:ffff8000       .debug$S                   0000000180000000     kernel32:KERNEL32.dll
 0000:ffff8000       .debug$S                   0000000180000000     kernel32:KERNEL32.dll
 0000:ffff8000       .debug$S                   0000000180000000     kernel32:KERNEL32.dll
 0000:ffff8000       .debug$S                   0000000180000000     kernel32:KERNEL32.dll
 0000:ffff8000       .debug$S                   0000000180000000     kernel32:KERNEL32.dll
 0000:ffff8000       .debug$S                   0000000180000000     MSVCRT:MSVCR120.dll
 0000:ffff8000       .debug$S                   0000000180000000     gpu:gpu.dll
 0000:ffff8000       .debug$S                   0000000180000000     gpu:gpu.dll
 0000:ffff8000       .debug$S                   0000000180000000     gpu:gpu.dll
 0000:ffff8000       .debug$S                   0000000180000000     gpu:gpu.dll
 0000:ffff8000       .debug$S                   0000000180000000     gpu:gpu.dll
 0000:ffff8000       .debug$S                   0000000180000000     gpu:gpu.dll
 0000:ffff8000       .debug$S                   0000000180000000     gpu:gpu.dll
 0000:ffff8000       .debug$S                   0000000180000000     gpu:gpu.dll
 0000:ffff8000       .debug$S                   0000000180000000     gpu:gpu.dll
 0000:ffff8000       .debug$S                   0000000180000000     gpu:gpu.dll
 0000:ffff8000       .debug$S                   0000000180000000     gpu:gpu.dll
 0000:ffff8000       .debug$S                   0000000180000000     MSVCRT:MSVCR120.dll
 0000:ffff8000       .debug$S                   0000000180000000     libmx:libmx.dll
 0000:ffff8000       .debug$S                   0000000180000000     MSVCRT:MSVCR120.dll
 0000:ffff8000       .debug$S                   0000000180000000     libmex:libmex.dll
 0000:ffff8000       .debug$S                   0000000180000000     libmex:libmex.dll
 0000:ffff8000       .debug$S                   0000000180000000     MSVCRT:MSVCR120.dll
 0000:ffff8000       .debug$S                   0000000180000000     afcuda:afcuda.dll
 0000:ffff8000       .debug$S                   0000000180000000     afcuda:afcuda.dll
 0000:ffff8000       .debug$S                   0000000180000000     afcuda:afcuda.dll
 0000:ffff8000       .debug$S                   0000000180000000     afcuda:afcuda.dll
 0000:ffff8000       .debug$S                   0000000180000000     afcuda:afcuda.dll
 0000:ffff8000       .debug$S                   0000000180000000     afcuda:afcuda.dll
 0000:ffff8000       .debug$S                   0000000180000000     afcuda:afcuda.dll
 0000:ffff8000       .debug$S                   0000000180000000     afcuda:afcuda.dll
 0000:ffff8000       .debug$S                   0000000180000000     afcuda:afcuda.dll
 0000:ffff8000       .debug$S                   0000000180000000     afcuda:afcuda.dll
 0000:ffff8000       .debug$S                   0000000180000000     afcuda:afcuda.dll
 0000:ffff8000       .debug$S                   0000000180000000     afcuda:afcuda.dll
 0000:ffff8000       .debug$S                   0000000180000000     afcuda:afcuda.dll
 0000:ffff8000       .debug$S                   0000000180000000     afcuda:afcuda.dll
 0000:ffff8000       .debug$S                   0000000180000000     MSVCRT:MSVCR120.dll
 0000:ffff8000       .debug$S                   0000000180000000     MSVCRT:MSVCR120.dll
 0000:ffff8000       .debug$S                   0000000180000000     msvcprt:MSVCP120.dll
 0000:ffff8000       .debug$S                   0000000180000000     msvcprt:MSVCP120.dll
 0000:ffff8000       .debug$S                   0000000180000000     msvcprt:MSVCP120.dll
 0000:ffff8000       .debug$S                   0000000180000000     msvcprt:MSVCP120.dll
 0000:ffff8000       .debug$S                   0000000180000000     msvcprt:MSVCP120.dll
 0000:ffff8000       .debug$S                   0000000180000000     msvcprt:MSVCP120.dll
 0000:ffff8000       .debug$S                   0000000180000000     msvcprt:MSVCP120.dll
 0000:ffff8000       .debug$S                   0000000180000000     MSVCRT:MSVCR120.dll
 0000:ffff8000       .debug$S                   0000000180000000     MSVCRT:MSVCR120.dll
 0000:ffff8000       .debug$S                   0000000180000000     MSVCRT:MSVCR120.dll
 0000:ffff8000       .debug$S                   0000000180000000     MSVCRT:MSVCR120.dll
 0000:ffff8000       .debug$S                   0000000180000000     MSVCRT:MSVCR120.dll
 0000:ffff8000       .debug$S                   0000000180000000     MSVCRT:MSVCR120.dll
 0000:ffff8000       .debug$S                   0000000180000000     MSVCRT:MSVCR120.dll
 0000:ffff8000       .debug$S                   0000000180000000     MSVCRT:MSVCR120.dll
 0000:ffff8000       .debug$S                   0000000180000000     MSVCRT:MSVCR120.dll
 0000:ffff8000       .debug$S                   0000000180000000     MSVCRT:MSVCR120.dll
 0000:ffff8000       .debug$S                   0000000180000000     MSVCRT:MSVCR120.dll
 0000:ffff8000       .debug$S                   0000000180000000     MSVCRT:MSVCR120.dll
 0000:ffff8000       .debug$S                   0000000180000000     MSVCRT:MSVCR120.dll
 0000:ffff8000       .debug$S                   0000000180000000     MSVCRT:MSVCR120.dll
 0000:ffff8000       .debug$S                   0000000180000000     MSVCRT:MSVCR120.dll
 0000:ffff8000       .debug$S                   0000000180000000     MSVCRT:MSVCR120.dll
 0000:ffff8000       .debug$S                   0000000180000000     MSVCRT:MSVCR120.dll
 0000:ffff8000       .debug$S                   0000000180000000     MSVCRT:MSVCR120.dll
 0000:ffff8000       .debug$S                   0000000180000000     MSVCRT:MSVCR120.dll
 0000:ffff8000       .debug$S                   0000000180000000     MSVCRT:MSVCR120.dll
 0000:ffff8000       .debug$S                   0000000180000000     MSVCRT:MSVCR120.dll
 0000:ffff8000       .debug$S                   0000000180000000     MSVCRT:MSVCR120.dll
 0000:ffff8000       .debug$S                   0000000180000000     MSVCRT:MSVCR120.dll
 0000:ffff8000       .debug$S                   0000000180000000     MSVCRT:MSVCR120.dll
 0000:ffff8000       .debug$S                   0000000180000000     MSVCRT:MSVCR120.dll
 0000:ffff8000       .debug$S                   0000000180000000     MSVCRT:MSVCR120.dll
 0000:ffff8000       .debug$S                   0000000180000000     MSVCRT:MSVCR120.dll
 0000:ffff8000       .debug$S                   0000000180000000     MSVCRT:MSVCR120.dll
 0000:ffff8000       .debug$S                   0000000180000000     MSVCRT:MSVCR120.dll
 0000:ffff8000       .debug$S                   0000000180000000     MSVCRT:MSVCR120.dll
 0000:ffff8000       .debug$S                   0000000180000000     MSVCRT:MSVCR120.dll
 0000:ffff8000       .debug$S                   0000000180000000     MSVCRT:MSVCR120.dll
 0000:ffff8000       .debug$S                   0000000180000000     MSVCRT:MSVCR120.dll
 0000:ffff8000       .debug$S                   0000000180000000     MSVCRT:MSVCR120.dll
 0000:ffff8000       .debug$S                   0000000180000000     MSVCRT:MSVCR120.dll
 0000:ffff8000       .debug$S                   0000000180000000     MSVCRT:MSVCR120.dll
 0000:ffff8000       .debug$S                   0000000180000000     MSVCRT:MSVCR120.dll
 0000:ffff8000       .debug$S                   0000000180000000     MSVCRT:MSVCR120.dll
 0001:00000000       ??__EInf@af@@YAXXZ         0000000180001000 f   CUDAMexMandelbrotArrayFire.cu.obj
 0001:00000020       ??__ENaN@af@@YAXXZ         0000000180001020 f   CUDAMexMandelbrotArrayFire.cu.obj
 0001:00000040       ??__Eallocator_arg@std@@YAXXZ 0000000180001040 f   CUDAMexMandelbrotArrayFire.cu.obj
 0001:00000050       ??__Epiecewise_construct@std@@YAXXZ 0000000180001050 f   CUDAMexMandelbrotArrayFire.cu.obj
 0001:00000060       ?__sti____cudaRegisterAll_61_tmpxft_00000ad8_00000000_5_CUDAMexMandelbrotArrayFire_cpp1_ii_da886f28@@YAXXZ 0000000180001060 f   CUDAMexMandelbrotArrayFire.cu.obj
 0001:00000090       ?__cudaUnregisterBinaryUtil@@YAXXZ 0000000180001090 f   CUDAMexMandelbrotArrayFire.cu.obj
 0001:000000b0       ?__nv_cudaEntityRegisterCallback@@YAXPEAPEAX@Z 00000001800010b0 f   CUDAMexMandelbrotArrayFire.cu.obj
 0001:00000680       pre_c_init                 0000000180001680 f   MSVCRT:crtdll.obj
 0001:0000096c       __DllMainCRTStartup        000000018000196c f   MSVCRT:crtdll.obj
 0001:00000d00       _onexit$fin$0              0000000180001d00 f   MSVCRT:atonexit.obj
 0001:00000d1b       __DllMainCRTStartup$filt$0 0000000180001d1b f   MSVCRT:crtdll.obj
 0001:00000d40       __DllMainCRTStartup$fin$1  0000000180001d40 f   MSVCRT:crtdll.obj
 0001:00000d60       _IsNonwritableInCurrentImage$filt$0 0000000180001d60 f   MSVCRT:pesect.obj
 0002:000001f0       NaN$initializer$           00000001800021f0     CUDAMexMandelbrotArrayFire.cu.obj
 0002:000001f8       Inf$initializer$           00000001800021f8     CUDAMexMandelbrotArrayFire.cu.obj
 0002:00000200       piecewise_construct$initializer$ 0000000180002200     CUDAMexMandelbrotArrayFire.cu.obj
 0002:00000208       allocator_arg$initializer$ 0000000180002208     CUDAMexMandelbrotArrayFire.cu.obj
 0002:00000210       __dummy_static_init__sti____cudaRegisterAll_61_tmpxft_00000ad8_00000000_5_CUDAMexMandelbrotArrayFire_cpp1_ii_da886f28 0000000180002210     CUDAMexMandelbrotArrayFire.cu.obj
 0002:00000228       pcinit                     0000000180002228     MSVCRT:crtdll.obj
 0002:00000230       pinit                      0000000180002230     MSVCRT:atonexit.obj
 0002:00000490       $unwind$mexFunction        0000000180002490     CUDAMexMandelbrotArrayFire.cu.obj
 0002:000004b0       $unwind$DllMain            00000001800024b0     CUDAMexMandelbrotArrayFire.cu.obj
 0002:000004b0       $unwind$?__sti____cudaRegisterAll_61_tmpxft_00000ad8_00000000_5_CUDAMexMandelbrotArrayFire_cpp1_ii_da886f28@@YAXXZ 00000001800024b0     CUDAMexMandelbrotArrayFire.cu.obj
 0002:000004b0       $unwind$atexit             00000001800024b0     CUDAMexMandelbrotArrayFire.cu.obj
 0002:000004b8       $unwind$_onexit            00000001800024b8     MSVCRT:atonexit.obj
 0002:000004d8       $unwind$__DllMainCRTStartup$filt$0 00000001800024d8     MSVCRT:atonexit.obj
 0002:000004d8       $unwind$_IsNonwritableInCurrentImage$filt$0 00000001800024d8     MSVCRT:atonexit.obj
 0002:000004d8       $unwind$__DllMainCRTStartup$fin$1 00000001800024d8     MSVCRT:atonexit.obj
 0002:000004d8       $unwind$_onexit$fin$0      00000001800024d8     MSVCRT:atonexit.obj
 0002:000004e0       $unwind$_CRT_INIT          00000001800024e0     MSVCRT:crtdll.obj
 0002:000004fc       $unwind$pre_c_init         00000001800024fc     MSVCRT:crtdll.obj
 0002:000004fc       $unwind$__atonexitinit     00000001800024fc     MSVCRT:crtdll.obj
 0002:00000504       $unwind$__DllMainCRTStartup 0000000180002504     MSVCRT:crtdll.obj
 0002:00000540       $unwind$_DllMainCRTStartup 0000000180002540     MSVCRT:crtdll.obj
 0002:00000550       $unwind$_IsNonwritableInCurrentImage 0000000180002550     MSVCRT:pesect.obj
 0002:00000574       $unwind$__security_init_cookie 0000000180002574     MSVCRT:gs_support.obj
 0002:00000580       $unwind$_RTC_Terminate     0000000180002580     MSVCRT:initsect.obj
 0002:00000580       $unwind$_RTC_Initialize    0000000180002580     MSVCRT:initsect.obj
 0002:00000590       .edata                     0000000180002590     MEXMandelbrotCUDAArrayFire.exp
 0002:000005b8       rgpv                       00000001800025b8     MEXMandelbrotCUDAArrayFire.exp
 0002:000005bc       rgszName                   00000001800025bc     MEXMandelbrotCUDAArrayFire.exp
 0002:000005c0       rgwOrd                     00000001800025c0     MEXMandelbrotCUDAArrayFire.exp
 0002:000005c2       szName                     00000001800025c2     MEXMandelbrotCUDAArrayFire.exp
 0002:000005e4       $N00001                    00000001800025e4     MEXMandelbrotCUDAArrayFire.exp
 0002:000008d4       .idata$6                   00000001800028d4     cudart:cudart64_65.dll
 0002:000009d6       .idata$6                   00000001800029d6     gpu:gpu.dll
 0002:000009ec       .idata$6                   00000001800029ec     libmx:libmx.dll
 0002:00000a12       .idata$6                   0000000180002a12     libmex:libmex.dll
 0002:00000c18       .idata$6                   0000000180002c18     afcuda:afcuda.dll
 0002:00000c34       .idata$6                   0000000180002c34     msvcprt:MSVCP120.dll
 0002:00000c42       .idata$6                   0000000180002c42     MSVCRT:MSVCR120.dll
 0002:00000db0       .idata$6                   0000000180002db0     kernel32:KERNEL32.dll
 0003:00000018       __nv_inited_managed_rt     0000000180003018     CUDAMexMandelbrotArrayFire.cu.obj
 0003:00000019       allocator_arg              0000000180003019     CUDAMexMandelbrotArrayFire.cu.obj
 0003:0000001a       piecewise_construct        000000018000301a     CUDAMexMandelbrotArrayFire.cu.obj
 0003:00000020       NaN                        0000000180003020     CUDAMexMandelbrotArrayFire.cu.obj
 0003:00000028       Inf                        0000000180003028     CUDAMexMandelbrotArrayFire.cu.obj
 0003:00000030       __nv_fatbinhandle_for_managed_rt 0000000180003030     CUDAMexMandelbrotArrayFire.cu.obj
 0003:00000038       __cudaFatCubinHandle       0000000180003038     CUDAMexMandelbrotArrayFire.cu.obj
 0003:00000068       ?__ref@?1??____nv_dummy_param_ref@@YAXPEAX@Z@4PEAPECXEA 0000000180003068     CUDAMexMandelbrotArrayFire.cu.obj
 0003:00000070       ?__ref@?2??__nv_cudaEntityRegisterCallback@@YAXPEAPEAX@Z@4PEAPECXEA 0000000180003070     CUDAMexMandelbrotArrayFire.cu.obj
 0003:00000078       __proc_attached            0000000180003078     MSVCRT:crtdll.obj
 0004:00000000       $pdata$?__sti____cudaRegisterAll_61_tmpxft_00000ad8_00000000_5_CUDAMexMandelbrotArrayFire_cpp1_ii_da886f28@@YAXXZ 0000000180004000     CUDAMexMandelbrotArrayFire.cu.obj
 0004:0000000c       $pdata$mexFunction         000000018000400c     CUDAMexMandelbrotArrayFire.cu.obj
 0004:00000018       $pdata$__atonexitinit      0000000180004018     MSVCRT:atonexit.obj
 0004:00000024       $pdata$_onexit             0000000180004024     MSVCRT:atonexit.obj
 0004:00000030       $pdata$atexit              0000000180004030     MSVCRT:atonexit.obj
 0004:0000003c       $pdata$pre_c_init          000000018000403c     MSVCRT:crtdll.obj
 0004:00000048       $pdata$_CRT_INIT           0000000180004048     MSVCRT:crtdll.obj
 0004:00000054       $pdata$_DllMainCRTStartup  0000000180004054     MSVCRT:crtdll.obj
 0004:00000060       $pdata$__DllMainCRTStartup 0000000180004060     MSVCRT:crtdll.obj
 0004:0000006c       $pdata$_IsNonwritableInCurrentImage 000000018000406c     MSVCRT:pesect.obj
 0004:00000078       $pdata$__security_init_cookie 0000000180004078     MSVCRT:gs_support.obj
 0004:00000084       $pdata$DllMain             0000000180004084     MSVCRT:dllmain.obj
 0004:00000090       $pdata$_RTC_Initialize     0000000180004090     MSVCRT:initsect.obj
 0004:0000009c       $pdata$_RTC_Terminate      000000018000409c     MSVCRT:initsect.obj
 0004:000000a8       $pdata$_onexit$fin$0       00000001800040a8     MSVCRT:atonexit.obj
 0004:000000b4       $pdata$__DllMainCRTStartup$filt$0 00000001800040b4     MSVCRT:crtdll.obj
 0004:000000c0       $pdata$__DllMainCRTStartup$fin$1 00000001800040c0     MSVCRT:crtdll.obj
 0004:000000cc       $pdata$_IsNonwritableInCurrentImage$filt$0 00000001800040cc     MSVCRT:pesect.obj
 0005:00000000       fatbinData                 0000000180005000     CUDAMexMandelbrotArrayFire.cu.obj
 0006:00000000       __fatDeviceText            0000000180006000     CUDAMexMandelbrotArrayFire.cu.obj
