 MandelbrotCUDATest1

 Timestamp is 556282e2 (Sun May 24 19:03:14 2015)

 Preferred load address is 0000000180000000

 Start         Length     Name                   Class
 0001:00000000 000000bbH .text$di                CODE
 0001:000000c0 00002420H .text$mn                CODE
 0001:000024e0 000000edH .text$x                 CODE
 0001:000025d0 00000000H .text$yd                CODE
 0002:00000000 000002b0H .idata$5                DATA
 0002:000002b0 00000008H .CRT$XCA                DATA
 0002:000002b8 00000028H .CRT$XCU                DATA
 0002:000002e0 00000008H .CRT$XCZ                DATA
 0002:000002e8 00000008H .CRT$XIA                DATA
 0002:000002f0 00000008H .CRT$XIAA               DATA
 0002:000002f8 00000008H .CRT$XIC                DATA
 0002:00000300 00000008H .CRT$XIZ                DATA
 0002:00000310 00000c80H .rdata                  DATA
 0002:00000f90 00000098H .rdata$debug            DATA
 0002:00001028 00000000H .rdata$r                DATA
 0002:00001028 00000008H .rtc$IAA                DATA
 0002:00001030 00000000H .rtc$IMZ                DATA
 0002:00001030 00000008H .rtc$IZZ                DATA
 0002:00001038 00000008H .rtc$TAA                DATA
 0002:00001040 00000000H .rtc$TMZ                DATA
 0002:00001040 00000008H .rtc$TZZ                DATA
 0002:00001050 00000314H .xdata                  DATA
 0002:00001370 00000059H .edata                  DATA
 0002:000013cc 000000a0H .idata$2                DATA
 0002:0000146c 00000014H .idata$3                DATA
 0002:00001480 000002b0H .idata$4                DATA
 0002:00001730 00000708H .idata$6                DATA
 0003:00000000 00000030H .data                   DATA
 0003:00000030 00000000H .data$r                 DATA
 0003:00000030 00000640H .bss                    DATA
 0004:00000000 000002a0H .pdata                  DATA
 0005:00000000 00000ba0H .nv_fatbin              DATA
 0006:00000000 00000018H .nvFatBinSegment        DATA

  Address         Publics by Value              Rva+Base               Lib:Object

 0000:00000000       ___safe_se_handler_count   0000000000000000     <absolute>
 0000:00000000       __guard_fids_table         0000000000000000     <absolute>
 0000:00000000       __guard_flags              0000000000000000     <absolute>
 0000:00000000       __guard_fids_count         0000000000000000     <absolute>
 0000:00000000       ___safe_se_handler_table   0000000000000000     <absolute>
 0000:00000000       __ImageBase                0000000180000000     <linker-defined>
 0001:00000120       mexFunction                0000000180001120 f   CUDAMexMandelbrotArrayFire.cu.obj
 0001:000007f0       ?infinity@?$numeric_limits@N@std@@SANXZ 00000001800017f0 f i CUDAMexMandelbrotArrayFire.cu.obj
 0001:00000820       ?quiet_NaN@?$numeric_limits@N@std@@SANXZ 0000000180001820 f i CUDAMexMandelbrotArrayFire.cu.obj
 0001:00000846       cudaMemcpy                 0000000180001846 f   cudart:cudart64_65.dll
 0001:0000084c       __cudaRegisterFatBinary    000000018000184c f   cudart:cudart64_65.dll
 0001:00000852       __cudaUnregisterFatBinary  0000000180001852 f   cudart:cudart64_65.dll
 0001:00000858       mxInitGPU                  0000000180001858 f   gpu:gpu.dll
 0001:0000085e       mxGPUCreateFromMxArray     000000018000185e f   gpu:gpu.dll
 0001:00000864       mxGPUCreateGPUArray        0000000180001864 f   gpu:gpu.dll
 0001:0000086a       mxGPUGetClassID            000000018000186a f   gpu:gpu.dll
 0001:00000870       mxGPUGetComplexity         0000000180001870 f   gpu:gpu.dll
 0001:00000876       mxGPUGetData               0000000180001876 f   gpu:gpu.dll
 0001:0000087c       mxGPUGetDataReadOnly       000000018000187c f   gpu:gpu.dll
 0001:00000882       mxGPUGetDimensions         0000000180001882 f   gpu:gpu.dll
 0001:00000888       mxGPUGetNumberOfDimensions 0000000180001888 f   gpu:gpu.dll
 0001:0000088e       mxGPUCreateMxArrayOnGPU    000000018000188e f   gpu:gpu.dll
 0001:00000894       mxGPUDestroyGPUArray       0000000180001894 f   gpu:gpu.dll
 0001:0000089a       mxGetScalar                000000018000189a f   libmx:libmx.dll
 0001:000008a0       mexErrMsgTxt               00000001800018a0 f   libmex:libmex.dll
 0001:000008a6       mexPrintf                  00000001800018a6 f   libmex:libmex.dll
 0001:000008ac       ??$?0N@array@af@@QEAA@HPEBNW4af_source_t@1@H@Z 00000001800018ac f   afcuda:afcuda.dll
 0001:000008b2       ??$?0N@array@af@@QEAA@HHPEBNW4af_source_t@1@H@Z 00000001800018b2 f   afcuda:afcuda.dll
 0001:000008b8       ??$device@N@array@af@@QEBAPEANXZ 00000001800018b8 f   afcuda:afcuda.dll
 0001:000008c0       __atonexitinit             00000001800018c0 f   MSVCRTD:atonexit.obj
 0001:000009b0       _onexit                    00000001800019b0 f   MSVCRTD:atonexit.obj
 0001:00000a80       atexit                     0000000180001a80 f   MSVCRTD:atonexit.obj
 0001:00000ac0       _RTC_CheckStackVars        0000000180001ac0 f   MSVCRTD:stack.obj
 0001:00000be0       NtCurrentTeb               0000000180001be0 f i MSVCRTD:crtdll.obj
 0001:00000bf0       _CRT_INIT                  0000000180001bf0 f   MSVCRTD:crtdll.obj
 0001:00000fa0       _DllMainCRTStartup         0000000180001fa0 f   MSVCRTD:crtdll.obj
 0001:00001152       _lock                      0000000180002152 f   MSVCRTD:MSVCR120D.dll
 0001:00001158       _unlock                    0000000180002158 f   MSVCRTD:MSVCR120D.dll
 0001:0000115e       __dllonexit                000000018000215e f   MSVCRTD:MSVCR120D.dll
 0001:00001164       __C_specific_handler       0000000180002164 f   MSVCRTD:MSVCR120D.dll
 0001:00001210       ?_RTC_StackFailure@@YAXPEAXPEBD@Z 0000000180002210 f   MSVCRTD:error.obj
 0001:000015c0       ?_RTC_GetErrorFunc@@YAP6AHHPEBDH00ZZPEBX@Z 00000001800025c0 f   MSVCRTD:userapi.obj
 0001:000015d0       ?_RTC_GetErrorFuncW@@YAP6AHHPEB_WH00ZZPEBX@Z 00000001800025d0 f   MSVCRTD:userapi.obj
 0001:000015d8       __CppXcptFilter            00000001800025d8 f   MSVCRTD:MSVCR120D.dll
 0001:000015de       _amsg_exit                 00000001800025de f   MSVCRTD:MSVCR120D.dll
 0001:000015f0       _FindPESection             00000001800025f0 f   MSVCRTD:pesect.obj
 0001:000016a0       _IsNonwritableInCurrentImage 00000001800026a0 f   MSVCRTD:pesect.obj
 0001:00001730       _ValidateImageBase         0000000180002730 f   MSVCRTD:pesect.obj
 0001:000017b0       __security_init_cookie     00000001800027b0 f   MSVCRTD:gs_support.obj
 0001:000018d0       DllMain                    00000001800028d0 f   MSVCRTD:dllmain.obj
 0001:00001910       _RTC_Initialize            0000000180002910 f   MSVCRTD:initsect.obj
 0001:00001950       _RTC_Terminate             0000000180002950 f   MSVCRTD:initsect.obj
 0001:0000198e       _initterm                  000000018000298e f   MSVCRTD:MSVCR120D.dll
 0001:00001994       _initterm_e                0000000180002994 f   MSVCRTD:MSVCR120D.dll
 0001:000019a0       __clean_type_info_names    00000001800029a0 f   MSVCRTD:tncleanup.obj
 0001:00001e80       ?_RTC_GetSrcLine@@YAHPEAEPEA_WKPEAH1K@Z 0000000180002e80 f   MSVCRTD:pdblkup.obj
 0001:00002210       __GSHandlerCheck           0000000180003210 f   MSVCRTD:gshandler.obj
 0001:00002250       __GSHandlerCheckCommon     0000000180003250 f   MSVCRTD:gshandler.obj
 0001:00002360       __security_check_cookie    0000000180003360 f   MSVCRTD:amdsecgs.obj
 0001:00002380       __clean_type_info_names_internal 0000000180003380 f   MSVCRTD:MSVCR120D.dll
 0001:00002386       wcscpy_s                   0000000180003386 f   MSVCRTD:MSVCR120D.dll
 0001:0000238c       _wmakepath_s               000000018000338c f   MSVCRTD:MSVCR120D.dll
 0001:00002392       _wsplitpath_s              0000000180003392 f   MSVCRTD:MSVCR120D.dll
 0001:000023a0       __raise_securityfailure    00000001800033a0 f   MSVCRTD:gs_report.obj
 0001:000023f0       __report_gsfailure         00000001800033f0 f   MSVCRTD:gs_report.obj
 0001:000024c2       __crt_debugger_hook        00000001800034c2 f   MSVCRTD:MSVCR120D.dll
 0001:000024c8       __crtUnhandledException    00000001800034c8 f   MSVCRTD:MSVCR120D.dll
 0001:000024ce       __crtTerminateProcess      00000001800034ce f   MSVCRTD:MSVCR120D.dll
 0001:000024d4       __crtCapturePreviousContext 00000001800034d4 f   MSVCRTD:MSVCR120D.dll
 0001:000024da       IsProcessorFeaturePresent  00000001800034da f   kernel32:KERNEL32.dll
 0002:00000000       __imp_IsProcessorFeaturePresent 0000000180004000     kernel32:KERNEL32.dll
 0002:00000008       __imp_GetModuleHandleW     0000000180004008     kernel32:KERNEL32.dll
 0002:00000010       __imp_GetModuleFileNameW   0000000180004010     kernel32:KERNEL32.dll
 0002:00000018       __imp_FreeLibrary          0000000180004018     kernel32:KERNEL32.dll
 0002:00000020       __imp_VirtualQuery         0000000180004020     kernel32:KERNEL32.dll
 0002:00000028       __imp_GetProcessHeap       0000000180004028     kernel32:KERNEL32.dll
 0002:00000030       __imp_HeapFree             0000000180004030     kernel32:KERNEL32.dll
 0002:00000038       __imp_HeapAlloc            0000000180004038     kernel32:KERNEL32.dll
 0002:00000040       __imp_DisableThreadLibraryCalls 0000000180004040     kernel32:KERNEL32.dll
 0002:00000048       __imp_GetSystemTimeAsFileTime 0000000180004048     kernel32:KERNEL32.dll
 0002:00000050       __imp_GetCurrentThreadId   0000000180004050     kernel32:KERNEL32.dll
 0002:00000058       __imp_GetCurrentProcessId  0000000180004058     kernel32:KERNEL32.dll
 0002:00000060       __imp_QueryPerformanceCounter 0000000180004060     kernel32:KERNEL32.dll
 0002:00000068       __imp_WideCharToMultiByte  0000000180004068     kernel32:KERNEL32.dll
 0002:00000070       __imp_MultiByteToWideChar  0000000180004070     kernel32:KERNEL32.dll
 0002:00000078       __imp_LoadLibraryExW       0000000180004078     kernel32:KERNEL32.dll
 0002:00000080       __imp_GetProcAddress       0000000180004080     kernel32:KERNEL32.dll
 0002:00000088       __imp_GetLastError         0000000180004088     kernel32:KERNEL32.dll
 0002:00000090       __imp_RaiseException       0000000180004090     kernel32:KERNEL32.dll
 0002:00000098       __imp_IsDebuggerPresent    0000000180004098     kernel32:KERNEL32.dll
 0002:000000a0       __imp_DecodePointer        00000001800040a0     kernel32:KERNEL32.dll
 0002:000000a8       __imp_EncodePointer        00000001800040a8     kernel32:KERNEL32.dll
 0002:000000b0       \177KERNEL32_NULL_THUNK_DATA 00000001800040b0     kernel32:KERNEL32.dll
 0002:000000b8       __imp__Nan                 00000001800040b8     msvcprtd:MSVCP120D.dll
 0002:000000c0       __imp__Inf                 00000001800040c0     msvcprtd:MSVCP120D.dll
 0002:000000c8       \177MSVCP120D_NULL_THUNK_DATA 00000001800040c8     msvcprtd:MSVCP120D.dll
 0002:000000d0       __imp__initterm_e          00000001800040d0     MSVCRTD:MSVCR120D.dll
 0002:000000d8       __imp___clean_type_info_names_internal 00000001800040d8     MSVCRTD:MSVCR120D.dll
 0002:000000e0       __imp_wcscpy_s             00000001800040e0     MSVCRTD:MSVCR120D.dll
 0002:000000e8       __imp__wmakepath_s         00000001800040e8     MSVCRTD:MSVCR120D.dll
 0002:000000f0       __imp__wsplitpath_s        00000001800040f0     MSVCRTD:MSVCR120D.dll
 0002:000000f8       __imp___crt_debugger_hook  00000001800040f8     MSVCRTD:MSVCR120D.dll
 0002:00000100       __imp___crtUnhandledException 0000000180004100     MSVCRTD:MSVCR120D.dll
 0002:00000108       __imp___crtTerminateProcess 0000000180004108     MSVCRTD:MSVCR120D.dll
 0002:00000110       __imp___crtCapturePreviousContext 0000000180004110     MSVCRTD:MSVCR120D.dll
 0002:00000118       __imp__hypotf              0000000180004118     MSVCRTD:MSVCR120D.dll
 0002:00000120       __imp__lock                0000000180004120     MSVCRTD:MSVCR120D.dll
 0002:00000128       __imp__unlock              0000000180004128     MSVCRTD:MSVCR120D.dll
 0002:00000130       __imp__CrtDbgReportW       0000000180004130     MSVCRTD:MSVCR120D.dll
 0002:00000138       __imp__calloc_dbg          0000000180004138     MSVCRTD:MSVCR120D.dll
 0002:00000140       __imp___dllonexit          0000000180004140     MSVCRTD:MSVCR120D.dll
 0002:00000148       __imp___C_specific_handler 0000000180004148     MSVCRTD:MSVCR120D.dll
 0002:00000150       __imp__onexit              0000000180004150     MSVCRTD:MSVCR120D.dll
 0002:00000158       __imp___CppXcptFilter      0000000180004158     MSVCRTD:MSVCR120D.dll
 0002:00000160       __imp__amsg_exit           0000000180004160     MSVCRTD:MSVCR120D.dll
 0002:00000168       __imp__malloc_dbg          0000000180004168     MSVCRTD:MSVCR120D.dll
 0002:00000170       __imp__free_dbg            0000000180004170     MSVCRTD:MSVCR120D.dll
 0002:00000178       __imp__CrtSetCheckCount    0000000180004178     MSVCRTD:MSVCR120D.dll
 0002:00000180       __imp__initterm            0000000180004180     MSVCRTD:MSVCR120D.dll
 0002:00000188       \177MSVCR120D_NULL_THUNK_DATA 0000000180004188     MSVCRTD:MSVCR120D.dll
 0002:00000190       __imp_??$device@N@array@af@@QEBAPEANXZ 0000000180004190     afcuda:afcuda.dll
 0002:00000198       __imp_??$?0N@array@af@@QEAA@HHPEBNW4af_source_t@1@H@Z 0000000180004198     afcuda:afcuda.dll
 0002:000001a0       __imp_??$?0N@array@af@@QEAA@HPEBNW4af_source_t@1@H@Z 00000001800041a0     afcuda:afcuda.dll
 0002:000001a8       __imp_?tile@af@@YA?AVarray@1@AEBV21@IIII@Z 00000001800041a8     afcuda:afcuda.dll
 0002:000001b0       __imp_?log@af@@YA?AVarray@1@AEBV21@@Z 00000001800041b0     afcuda:afcuda.dll
 0002:000001b8       __imp_?complex@af@@YA?AVarray@1@AEBV21@0@Z 00000001800041b8     afcuda:afcuda.dll
 0002:000001c0       __imp_?abs@af@@YA?AVarray@1@AEBV21@@Z 00000001800041c0     afcuda:afcuda.dll
 0002:000001c8       __imp_??Narray@af@@QEBA?AV01@AEBH@Z 00000001800041c8     afcuda:afcuda.dll
 0002:000001d0       __imp_??Darray@af@@QEBA?AV01@AEBV01@@Z 00000001800041d0     afcuda:afcuda.dll
 0002:000001d8       __imp_??Harray@af@@QEBA?AV01@AEBV01@@Z 00000001800041d8     afcuda:afcuda.dll
 0002:000001e0       __imp_??4array@af@@QEAAAEAV01@AEBV01@@Z 00000001800041e0     afcuda:afcuda.dll
 0002:000001e8       __imp_?T@array@af@@QEBA?AV12@XZ 00000001800041e8     afcuda:afcuda.dll
 0002:000001f0       __imp_??1array@af@@QEAA@XZ 00000001800041f0     afcuda:afcuda.dll
 0002:000001f8       __imp_??0array@af@@QEAA@AEBV01@@Z 00000001800041f8     afcuda:afcuda.dll
 0002:00000200       \177afcuda_NULL_THUNK_DATA 0000000180004200     afcuda:afcuda.dll
 0002:00000208       __imp___cudaRegisterFatBinary 0000000180004208     cudart:cudart64_65.dll
 0002:00000210       __imp___cudaUnregisterFatBinary 0000000180004210     cudart:cudart64_65.dll
 0002:00000218       __imp_cudaMemcpy           0000000180004218     cudart:cudart64_65.dll
 0002:00000220       \177cudart64_65_NULL_THUNK_DATA 0000000180004220     cudart:cudart64_65.dll
 0002:00000228       __imp_mxGPUGetComplexity   0000000180004228     gpu:gpu.dll
 0002:00000230       __imp_mxGPUDestroyGPUArray 0000000180004230     gpu:gpu.dll
 0002:00000238       __imp_mxGPUCreateMxArrayOnGPU 0000000180004238     gpu:gpu.dll
 0002:00000240       __imp_mxGPUGetNumberOfDimensions 0000000180004240     gpu:gpu.dll
 0002:00000248       __imp_mxGPUGetDimensions   0000000180004248     gpu:gpu.dll
 0002:00000250       __imp_mxGPUGetDataReadOnly 0000000180004250     gpu:gpu.dll
 0002:00000258       __imp_mxGPUGetData         0000000180004258     gpu:gpu.dll
 0002:00000260       __imp_mxGPUCreateFromMxArray 0000000180004260     gpu:gpu.dll
 0002:00000268       __imp_mxGPUGetClassID      0000000180004268     gpu:gpu.dll
 0002:00000270       __imp_mxGPUCreateGPUArray  0000000180004270     gpu:gpu.dll
 0002:00000278       __imp_mxInitGPU            0000000180004278     gpu:gpu.dll
 0002:00000280       \177gpu_NULL_THUNK_DATA    0000000180004280     gpu:gpu.dll
 0002:00000288       __imp_mexErrMsgTxt         0000000180004288     libmex:libmex.dll
 0002:00000290       __imp_mexPrintf            0000000180004290     libmex:libmex.dll
 0002:00000298       \177libmex_NULL_THUNK_DATA 0000000180004298     libmex:libmex.dll
 0002:000002a0       __imp_mxGetScalar          00000001800042a0     libmx:libmx.dll
 0002:000002a8       \177libmx_NULL_THUNK_DATA  00000001800042a8     libmx:libmx.dll
 0002:000002b0       __xc_a                     00000001800042b0     MSVCRTD:cinitexe.obj
 0002:000002e0       __xc_z                     00000001800042e0     MSVCRTD:cinitexe.obj
 0002:000002e8       __xi_a                     00000001800042e8     MSVCRTD:cinitexe.obj
 0002:00000300       __xi_z                     0000000180004300     MSVCRTD:cinitexe.obj
 0002:00000660       __real@43e0000000000000    0000000180004660     CUDAMexMandelbrotArrayFire.cu.obj
 0002:00000670       ??_C@_1MC@KPMPFEII@?$AA?$CI?$AA_?$AA_?$AAo?$AAn?$AAe?$AAx?$AAi?$AAt?$AAb?$AAe?$AAg?$AAi?$AAn?$AA?5?$AA?$CB?$AA?$DN?$AA?5?$AAN?$AAU?$AAL?$AAL?$AA?5?$AA?$CG?$AA?$CG?$AA?5?$AA_?$AA_?$AAo?$AAn?$AAe?$AAx@ 0000000180004670     MSVCRTD:atonexit.obj
 0002:00000734       ??_C@_15GANGMFKL@?$AA?$CF?$AAs?$AA?$AA@ 0000000180004734     MSVCRTD:atonexit.obj
 0002:00000740       ??_C@_1FK@IGIDCAPD@?$AAf?$AA?3?$AA?2?$AAd?$AAd?$AA?2?$AAv?$AAc?$AAt?$AAo?$AAo?$AAl?$AAs?$AA?2?$AAc?$AAr?$AAt?$AA?2?$AAc?$AAr?$AAt?$AAw?$AA3?$AA2?$AA?2?$AAd?$AAl?$AAl?$AAs?$AAt?$AAu?$AAf@ 0000000180004740     MSVCRTD:atonexit.obj
 0002:000007a0       ??_C@_0CN@LMJJPMEG@f?3?2dd?2vctools?2crt?2crtw32?2dllstuf@ 00000001800047a0     MSVCRTD:atonexit.obj
 0002:000007d0       _pDefaultRawDllMain        00000001800047d0     MSVCRTD:crtdll.obj
 0002:000007d0       _pRawDllMain               00000001800047d0     MSVCRTD:crtdll.obj
 0002:000007d8       ??_C@_0CL@CCAGLLEM@f?3?2dd?2vctools?2crt?2crtw32?2dllstuf@ 00000001800047d8     MSVCRTD:crtdll.obj
 0002:000008d0       ??_C@_0NN@NGPKDKPD@The?5value?5of?5ESP?5was?5not?5properl@ 00000001800048d0     MSVCRTD:error.obj
 0002:000009b0       ??_C@_0BBN@GPMLNJCF@A?5cast?5to?5a?5smaller?5data?5type?5ha@ 00000001800049b0     MSVCRTD:error.obj
 0002:00000ad0       ??_C@_0BN@FFOINMNJ@Stack?5memory?5was?5corrupted?6?$AN?$AA@ 0000000180004ad0     MSVCRTD:error.obj
 0002:00000af0       ??_C@_0DG@HKJMLLLP@A?5local?5variable?5was?5used?5before@ 0000000180004af0     MSVCRTD:error.obj
 0002:00000b28       ??_C@_0CM@NGINOKPC@Stack?5memory?5around?5_alloca?5was?5@ 0000000180004b28     MSVCRTD:error.obj
 0002:00000b58       ??_C@_0BO@GNIAFIKK@Unknown?5Runtime?5Check?5Error?6?$AN?$AA@ 0000000180004b58     MSVCRTD:error.obj
 0002:00000b80       ??_C@_1GM@OLMCBDMB@?$AAR?$AAu?$AAn?$AAt?$AAi?$AAm?$AAe?$AA?5?$AAC?$AAh?$AAe?$AAc?$AAk?$AA?5?$AAE?$AAr?$AAr?$AAo?$AAr?$AA?4?$AA?6?$AA?$AN?$AA?5?$AAU?$AAn?$AAa?$AAb?$AAl?$AAe?$AA?5?$AAt?$AAo@ 0000000180004b80     MSVCRTD:error.obj
 0002:00000bf0       ??_C@_1EA@NFKNIFJP@?$AAR?$AAu?$AAn?$AA?9?$AAT?$AAi?$AAm?$AAe?$AA?5?$AAC?$AAh?$AAe?$AAc?$AAk?$AA?5?$AAF?$AAa?$AAi?$AAl?$AAu?$AAr?$AAe?$AA?5?$AA?$CD?$AA?$CF?$AAd?$AA?5?$AA?9?$AA?5?$AA?$CF?$AAs?$AA?$AA@ 0000000180004bf0     MSVCRTD:error.obj
 0002:00000c30       ??_C@_0BB@PFFGGCJP@Unknown?5Filename?$AA@ 0000000180004c30     MSVCRTD:error.obj
 0002:00000c48       ??_C@_0BE@GNBOBNCK@Unknown?5Module?5Name?$AA@ 0000000180004c48     MSVCRTD:error.obj
 0002:00000c60       ??_C@_0CA@IODNCDPG@Run?9Time?5Check?5Failure?5?$CD?$CFd?5?9?5?$CFs?$AA@ 0000000180004c60     MSVCRTD:error.obj
 0002:00000c80       ??_C@_0CG@IAFNJNEE@Stack?5corrupted?5near?5unknown?5var@ 0000000180004c80     MSVCRTD:error.obj
 0002:00000cd0       ??_C@_0BJ@HEGAHDFO@Stack?5pointer?5corruption?$AA@ 0000000180004cd0     MSVCRTD:userapi.obj
 0002:00000cf0       ??_C@_0CK@FEGOIOPB@Cast?5to?5smaller?5type?5causing?5los@ 0000000180004cf0     MSVCRTD:userapi.obj
 0002:00000d20       ??_C@_0BI@CIGMDCBH@Stack?5memory?5corruption?$AA@ 0000000180004d20     MSVCRTD:userapi.obj
 0002:00000d38       ??_C@_0CK@CNLNOEPB@Local?5variable?5used?5before?5initi@ 0000000180004d38     MSVCRTD:userapi.obj
 0002:00000d68       ??_C@_0BP@OGBCLIBO@Stack?5around?5_alloca?5corrupted?$AA@ 0000000180004d68     MSVCRTD:userapi.obj
 0002:00000dd8       ??_C@_1BK@GAEMIDIL@?$AAA?$AAD?$AAV?$AAA?$AAP?$AAI?$AA3?$AA2?$AA?4?$AAD?$AAL?$AAL?$AA?$AA@ 0000000180004dd8     MSVCRTD:pdblkup.obj
 0002:00000df8       ??_C@_0O@COHOBMLB@RegOpenKeyExW?$AA@ 0000000180004df8     MSVCRTD:pdblkup.obj
 0002:00000e08       ??_C@_0BB@GLNAEDBD@RegQueryValueExW?$AA@ 0000000180004e08     MSVCRTD:pdblkup.obj
 0002:00000e20       ??_C@_0M@HLOHPNFA@RegCloseKey?$AA@ 0000000180004e20     MSVCRTD:pdblkup.obj
 0002:00000e30       ??_C@_1HE@HOJOLGOA@?$AAS?$AAO?$AAF?$AAT?$AAW?$AAA?$AAR?$AAE?$AA?2?$AAW?$AAo?$AAw?$AA6?$AA4?$AA3?$AA2?$AAN?$AAo?$AAd?$AAe?$AA?2?$AAM?$AAi?$AAc?$AAr?$AAo?$AAs?$AAo?$AAf?$AAt?$AA?2?$AAV@ 0000000180004e30     MSVCRTD:pdblkup.obj
 0002:00000ea8       ??_C@_1BG@EABPBLLF@?$AAP?$AAr?$AAo?$AAd?$AAu?$AAc?$AAt?$AAD?$AAi?$AAr?$AA?$AA@ 0000000180004ea8     MSVCRTD:pdblkup.obj
 0002:00000ee0       ??_C@_1BC@EOIMGOME@?$AAM?$AAS?$AAP?$AAD?$AAB?$AA1?$AA2?$AA0?$AA?$AA@ 0000000180004ee0     MSVCRTD:pdblkup.obj
 0002:00000ef8       ??_C@_0BB@KCIACLNC@PDBOpenValidate5?$AA@ 0000000180004ef8     MSVCRTD:pdblkup.obj
 0002:00000f0c       ??_C@_01KDCPPGHE@r?$AA@    0000000180004f0c     MSVCRTD:pdblkup.obj
 0002:00000f20       _load_config_used          0000000180004f20     MSVCRTD:loadcfg.obj
 0002:00001028       __rtc_iaa                  0000000180005028     MSVCRTD:initsect.obj
 0002:00001030       __rtc_izz                  0000000180005030     MSVCRTD:initsect.obj
 0002:00001038       __rtc_taa                  0000000180005038     MSVCRTD:initsect.obj
 0002:00001040       __rtc_tzz                  0000000180005040     MSVCRTD:initsect.obj
 0002:000013cc       __IMPORT_DESCRIPTOR_cudart64_65 00000001800053cc     cudart:cudart64_65.dll
 0002:000013e0       __IMPORT_DESCRIPTOR_gpu    00000001800053e0     gpu:gpu.dll
 0002:000013f4       __IMPORT_DESCRIPTOR_libmx  00000001800053f4     libmx:libmx.dll
 0002:00001408       __IMPORT_DESCRIPTOR_libmex 0000000180005408     libmex:libmex.dll
 0002:0000141c       __IMPORT_DESCRIPTOR_afcuda 000000018000541c     afcuda:afcuda.dll
 0002:00001430       __IMPORT_DESCRIPTOR_MSVCP120D 0000000180005430     msvcprtd:MSVCP120D.dll
 0002:00001444       __IMPORT_DESCRIPTOR_MSVCR120D 0000000180005444     MSVCRTD:MSVCR120D.dll
 0002:00001458       __IMPORT_DESCRIPTOR_KERNEL32 0000000180005458     kernel32:KERNEL32.dll
 0002:0000146c       __NULL_IMPORT_DESCRIPTOR   000000018000546c     cudart:cudart64_65.dll
 0003:00000000       _fltused                   0000000180006000     MSVCRTD:dllsupp.obj
 0003:00000008       ?_RTC_ErrorLevels@@3PAHA   0000000180006008     MSVCRTD:error.obj
 0003:0000001c       __native_dllmain_reason    000000018000601c     MSVCRTD:natstart.obj
 0003:00000020       __security_cookie          0000000180006020     MSVCRTD:gs_cookie.obj
 0003:00000028       __security_cookie_complement 0000000180006028     MSVCRTD:gs_cookie.obj
 0003:00000058       ?_Generic_object@?$_Error_objects@H@std@@2V_Generic_error_category@2@A 0000000180006058     CUDAMexMandelbrotArrayFire.cu.obj
 0003:00000060       ?_Iostream_object@?$_Error_objects@H@std@@2V_Iostream_error_category@2@A 0000000180006060     CUDAMexMandelbrotArrayFire.cu.obj
 0003:00000068       ?_System_object@?$_Error_objects@H@std@@2V_System_error_category@2@A 0000000180006068     CUDAMexMandelbrotArrayFire.cu.obj
 0003:00000070       ?id@?$num_put@DV?$back_insert_iterator@V?$basic_string@DU?$char_traits@D@std@@V?$allocator@D@2@@std@@@std@@@std@@2V0locale@2@A 0000000180006070     CUDAMexMandelbrotArrayFire.cu.obj
 0003:00000078       ?id@?$num_put@_WV?$back_insert_iterator@V?$basic_string@_WU?$char_traits@_W@std@@V?$allocator@_W@2@@std@@@std@@@std@@2V0locale@2@A 0000000180006078     CUDAMexMandelbrotArrayFire.cu.obj
 0003:00000098       ?wsprintffp@@3P6AHPEADPEBDZZEA 0000000180006098     MSVCRTD:error.obj
 0003:000000b0       ?__type_info_root_node@@3U__type_info_node@@A 00000001800060b0     MSVCRTD:tncleanup.obj
 0003:00000648       __native_startup_lock      0000000180006648     <common>
 0003:00000650       __native_startup_state     0000000180006650     <common>
 0003:00000658       __dyn_tls_init_callback    0000000180006658     <common>
 0003:00000660       __onexitend                0000000180006660     <common>
 0003:00000668       __onexitbegin              0000000180006668     <common>

 entry point at        0001:00000fa0

 Static symbols

 0000:ffff5000       .debug$S                   0000000180000000     MSVCRTD:MSVCR120D.dll
 0000:ffff5000       .debug$S                   0000000180000000     MSVCRTD:MSVCR120D.dll
 0000:ffff5000       .debug$S                   0000000180000000     MSVCRTD:MSVCR120D.dll
 0000:ffff5000       .debug$S                   0000000180000000     MSVCRTD:MSVCR120D.dll
 0000:ffff5000       .debug$S                   0000000180000000     MSVCRTD:MSVCR120D.dll
 0000:ffff5000       .debug$S                   0000000180000000     MSVCRTD:MSVCR120D.dll
 0000:ffff5000       .debug$S                   0000000180000000     MSVCRTD:MSVCR120D.dll
 0000:ffff5000       .debug$S                   0000000180000000     MSVCRTD:MSVCR120D.dll
 0000:ffff5000       .debug$S                   0000000180000000     MSVCRTD:MSVCR120D.dll
 0000:ffff5000       .debug$S                   0000000180000000     MSVCRTD:MSVCR120D.dll
 0000:ffff5000       .debug$S                   0000000180000000     MSVCRTD:MSVCR120D.dll
 0000:ffff5000       .debug$S                   0000000180000000     MSVCRTD:MSVCR120D.dll
 0000:ffff5000       .debug$S                   0000000180000000     MSVCRTD:MSVCR120D.dll
 0000:ffff5000       .debug$S                   0000000180000000     MSVCRTD:MSVCR120D.dll
 0000:ffff5000       .debug$S                   0000000180000000     MSVCRTD:MSVCR120D.dll
 0000:ffff5000       .debug$S                   0000000180000000     MSVCRTD:MSVCR120D.dll
 0000:ffff5000       .debug$S                   0000000180000000     MSVCRTD:MSVCR120D.dll
 0000:ffff5000       .debug$S                   0000000180000000     MSVCRTD:MSVCR120D.dll
 0000:ffff5000       .debug$S                   0000000180000000     MSVCRTD:MSVCR120D.dll
 0000:ffff5000       .debug$S                   0000000180000000     MSVCRTD:MSVCR120D.dll
 0000:ffff5000       .debug$S                   0000000180000000     MSVCRTD:MSVCR120D.dll
 0000:ffff5000       .debug$S                   0000000180000000     MSVCRTD:MSVCR120D.dll
 0000:ffff5000       .debug$S                   0000000180000000     MSVCRTD:MSVCR120D.dll
 0000:ffff5000       .debug$S                   0000000180000000     MSVCRTD:MSVCR120D.dll
 0000:ffff5000       .debug$S                   0000000180000000     MSVCRTD:MSVCR120D.dll
 0000:ffff5000       .debug$S                   0000000180000000     MSVCRTD:MSVCR120D.dll
 0000:ffff5000       .debug$S                   0000000180000000     MSVCRTD:MSVCR120D.dll
 0000:ffff5000       .debug$S                   0000000180000000     MSVCRTD:MSVCR120D.dll
 0000:ffff5000       .debug$S                   0000000180000000     MSVCRTD:MSVCR120D.dll
 0000:ffff5000       .debug$S                   0000000180000000     MSVCRTD:MSVCR120D.dll
 0000:ffff5000       .debug$S                   0000000180000000     MSVCRTD:MSVCR120D.dll
 0000:ffff5000       .debug$S                   0000000180000000     MSVCRTD:MSVCR120D.dll
 0000:ffff5000       .debug$S                   0000000180000000     MSVCRTD:MSVCR120D.dll
 0000:ffff5000       .debug$S                   0000000180000000     MSVCRTD:MSVCR120D.dll
 0000:ffff5000       .debug$S                   0000000180000000     MSVCRTD:MSVCR120D.dll
 0000:ffff5000       .debug$S                   0000000180000000     MSVCRTD:MSVCR120D.dll
 0000:ffff5000       .debug$S                   0000000180000000     MSVCRTD:MSVCR120D.dll
 0000:ffff5000       .debug$S                   0000000180000000     MSVCRTD:MSVCR120D.dll
 0000:ffff5000       .debug$S                   0000000180000000     MSVCRTD:MSVCR120D.dll
 0000:ffff5000       .debug$S                   0000000180000000     MSVCRTD:MSVCR120D.dll
 0000:ffff5000       .debug$S                   0000000180000000     MSVCRTD:MSVCR120D.dll
 0000:ffff5000       .debug$S                   0000000180000000     MSVCRTD:MSVCR120D.dll
 0000:ffff5000       .debug$S                   0000000180000000     MSVCRTD:MSVCR120D.dll
 0000:ffff5000       .debug$S                   0000000180000000     MSVCRTD:MSVCR120D.dll
 0000:ffff5000       .debug$S                   0000000180000000     MSVCRTD:MSVCR120D.dll
 0000:ffff5000       .debug$S                   0000000180000000     MSVCRTD:MSVCR120D.dll
 0000:ffff5000       .debug$S                   0000000180000000     MSVCRTD:MSVCR120D.dll
 0000:ffff5000       .debug$S                   0000000180000000     MSVCRTD:MSVCR120D.dll
 0000:ffff5000       .debug$S                   0000000180000000     MSVCRTD:MSVCR120D.dll
 0000:ffff5000       .debug$S                   0000000180000000     MSVCRTD:MSVCR120D.dll
 0000:ffff5000       .debug$S                   0000000180000000     MSVCRTD:MSVCR120D.dll
 0000:ffff5000       .debug$S                   0000000180000000     MSVCRTD:MSVCR120D.dll
 0000:ffff5000       .debug$S                   0000000180000000     MSVCRTD:MSVCR120D.dll
 0000:ffff5000       .debug$S                   0000000180000000     MSVCRTD:MSVCR120D.dll
 0000:ffff5000       .debug$S                   0000000180000000     MSVCRTD:MSVCR120D.dll
 0000:ffff5000       .debug$S                   0000000180000000     MSVCRTD:MSVCR120D.dll
 0000:ffff5000       .debug$S                   0000000180000000     MSVCRTD:MSVCR120D.dll
 0000:ffff5000       .debug$S                   0000000180000000     MSVCRTD:MSVCR120D.dll
 0000:ffff5000       .debug$S                   0000000180000000     MSVCRTD:MSVCR120D.dll
 0000:ffff5000       .debug$S                   0000000180000000     MSVCRTD:MSVCR120D.dll
 0000:ffff5000       .debug$S                   0000000180000000     MSVCRTD:MSVCR120D.dll
 0000:ffff5000       .debug$S                   0000000180000000     MSVCRTD:MSVCR120D.dll
 0000:ffff5000       .debug$S                   0000000180000000     MSVCRTD:MSVCR120D.dll
 0000:ffff5000       .debug$S                   0000000180000000     MSVCRTD:MSVCR120D.dll
 0000:ffff5000       .debug$S                   0000000180000000     MSVCRTD:MSVCR120D.dll
 0000:ffff5000       .debug$S                   0000000180000000     MSVCRTD:MSVCR120D.dll
 0000:ffff5000       .debug$S                   0000000180000000     MSVCRTD:MSVCR120D.dll
 0000:ffff5000       .debug$S                   0000000180000000     MSVCRTD:MSVCR120D.dll
 0000:ffff5000       .debug$S                   0000000180000000     MSVCRTD:MSVCR120D.dll
 0000:ffff5000       .debug$S                   0000000180000000     MSVCRTD:MSVCR120D.dll
 0000:ffff5000       .debug$S                   0000000180000000     MSVCRTD:MSVCR120D.dll
 0000:ffff5000       .debug$S                   0000000180000000     MSVCRTD:MSVCR120D.dll
 0000:ffff5000       .debug$S                   0000000180000000     MSVCRTD:MSVCR120D.dll
 0000:ffff5000       .debug$S                   0000000180000000     cudart:cudart64_65.dll
 0000:ffff5000       .debug$S                   0000000180000000     cudart:cudart64_65.dll
 0000:ffff5000       .debug$S                   0000000180000000     cudart:cudart64_65.dll
 0000:ffff5000       .debug$S                   0000000180000000     MSVCRTD:MSVCR120D.dll
 0000:ffff5000       .debug$S                   0000000180000000     kernel32:KERNEL32.dll
 0000:ffff5000       .debug$S                   0000000180000000     kernel32:KERNEL32.dll
 0000:ffff5000       .debug$S                   0000000180000000     kernel32:KERNEL32.dll
 0000:ffff5000       .debug$S                   0000000180000000     kernel32:KERNEL32.dll
 0000:ffff5000       .debug$S                   0000000180000000     kernel32:KERNEL32.dll
 0000:ffff5000       .debug$S                   0000000180000000     kernel32:KERNEL32.dll
 0000:ffff5000       .debug$S                   0000000180000000     kernel32:KERNEL32.dll
 0000:ffff5000       .debug$S                   0000000180000000     kernel32:KERNEL32.dll
 0000:ffff5000       .debug$S                   0000000180000000     kernel32:KERNEL32.dll
 0000:ffff5000       .debug$S                   0000000180000000     kernel32:KERNEL32.dll
 0000:ffff5000       .debug$S                   0000000180000000     kernel32:KERNEL32.dll
 0000:ffff5000       .debug$S                   0000000180000000     kernel32:KERNEL32.dll
 0000:ffff5000       .debug$S                   0000000180000000     kernel32:KERNEL32.dll
 0000:ffff5000       .debug$S                   0000000180000000     kernel32:KERNEL32.dll
 0000:ffff5000       .debug$S                   0000000180000000     kernel32:KERNEL32.dll
 0000:ffff5000       .debug$S                   0000000180000000     kernel32:KERNEL32.dll
 0000:ffff5000       .debug$S                   0000000180000000     kernel32:KERNEL32.dll
 0000:ffff5000       .debug$S                   0000000180000000     kernel32:KERNEL32.dll
 0000:ffff5000       .debug$S                   0000000180000000     kernel32:KERNEL32.dll
 0000:ffff5000       .debug$S                   0000000180000000     kernel32:KERNEL32.dll
 0000:ffff5000       .debug$S                   0000000180000000     kernel32:KERNEL32.dll
 0000:ffff5000       .debug$S                   0000000180000000     kernel32:KERNEL32.dll
 0000:ffff5000       .debug$S                   0000000180000000     MSVCRTD:MSVCR120D.dll
 0000:ffff5000       .debug$S                   0000000180000000     gpu:gpu.dll
 0000:ffff5000       .debug$S                   0000000180000000     gpu:gpu.dll
 0000:ffff5000       .debug$S                   0000000180000000     gpu:gpu.dll
 0000:ffff5000       .debug$S                   0000000180000000     gpu:gpu.dll
 0000:ffff5000       .debug$S                   0000000180000000     gpu:gpu.dll
 0000:ffff5000       .debug$S                   0000000180000000     gpu:gpu.dll
 0000:ffff5000       .debug$S                   0000000180000000     gpu:gpu.dll
 0000:ffff5000       .debug$S                   0000000180000000     gpu:gpu.dll
 0000:ffff5000       .debug$S                   0000000180000000     gpu:gpu.dll
 0000:ffff5000       .debug$S                   0000000180000000     gpu:gpu.dll
 0000:ffff5000       .debug$S                   0000000180000000     gpu:gpu.dll
 0000:ffff5000       .debug$S                   0000000180000000     MSVCRTD:MSVCR120D.dll
 0000:ffff5000       .debug$S                   0000000180000000     libmx:libmx.dll
 0000:ffff5000       .debug$S                   0000000180000000     MSVCRTD:MSVCR120D.dll
 0000:ffff5000       .debug$S                   0000000180000000     libmex:libmex.dll
 0000:ffff5000       .debug$S                   0000000180000000     libmex:libmex.dll
 0000:ffff5000       .debug$S                   0000000180000000     MSVCRTD:MSVCR120D.dll
 0000:ffff5000       .debug$S                   0000000180000000     afcuda:afcuda.dll
 0000:ffff5000       .debug$S                   0000000180000000     afcuda:afcuda.dll
 0000:ffff5000       .debug$S                   0000000180000000     afcuda:afcuda.dll
 0000:ffff5000       .debug$S                   0000000180000000     afcuda:afcuda.dll
 0000:ffff5000       .debug$S                   0000000180000000     afcuda:afcuda.dll
 0000:ffff5000       .debug$S                   0000000180000000     afcuda:afcuda.dll
 0000:ffff5000       .debug$S                   0000000180000000     afcuda:afcuda.dll
 0000:ffff5000       .debug$S                   0000000180000000     afcuda:afcuda.dll
 0000:ffff5000       .debug$S                   0000000180000000     afcuda:afcuda.dll
 0000:ffff5000       .debug$S                   0000000180000000     afcuda:afcuda.dll
 0000:ffff5000       .debug$S                   0000000180000000     afcuda:afcuda.dll
 0000:ffff5000       .debug$S                   0000000180000000     afcuda:afcuda.dll
 0000:ffff5000       .debug$S                   0000000180000000     afcuda:afcuda.dll
 0000:ffff5000       .debug$S                   0000000180000000     afcuda:afcuda.dll
 0000:ffff5000       .debug$S                   0000000180000000     MSVCRTD:MSVCR120D.dll
 0000:ffff5000       .debug$S                   0000000180000000     MSVCRTD:MSVCR120D.dll
 0000:ffff5000       .debug$S                   0000000180000000     msvcprtd:MSVCP120D.dll
 0000:ffff5000       .debug$S                   0000000180000000     msvcprtd:MSVCP120D.dll
 0000:ffff5000       .debug$S                   0000000180000000     msvcprtd:MSVCP120D.dll
 0000:ffff5000       .debug$S                   0000000180000000     msvcprtd:MSVCP120D.dll
 0000:ffff5000       .debug$S                   0000000180000000     msvcprtd:MSVCP120D.dll
 0000:ffff5000       .debug$S                   0000000180000000     msvcprtd:MSVCP120D.dll
 0000:ffff5000       .debug$S                   0000000180000000     msvcprtd:MSVCP120D.dll
 0000:ffff5000       .debug$S                   0000000180000000     msvcprtd:MSVCP120D.dll
 0000:ffff5000       .debug$S                   0000000180000000     msvcprtd:MSVCP120D.dll
 0000:ffff5000       .debug$S                   0000000180000000     msvcprtd:MSVCP120D.dll
 0000:ffff5000       .debug$S                   0000000180000000     msvcprtd:MSVCP120D.dll
 0000:ffff5000       .debug$S                   0000000180000000     msvcprtd:MSVCP120D.dll
 0000:ffff5000       .debug$S                   0000000180000000     MSVCRTD:MSVCR120D.dll
 0000:ffff5000       .debug$S                   0000000180000000     MSVCRTD:MSVCR120D.dll
 0000:ffff5000       .debug$S                   0000000180000000     MSVCRTD:MSVCR120D.dll
 0000:ffff5000       .debug$S                   0000000180000000     MSVCRTD:MSVCR120D.dll
 0000:ffff5000       .debug$S                   0000000180000000     MSVCRTD:MSVCR120D.dll
 0000:ffff5000       .debug$S                   0000000180000000     MSVCRTD:MSVCR120D.dll
 0000:ffff5000       .debug$S                   0000000180000000     MSVCRTD:MSVCR120D.dll
 0000:ffff5000       .debug$S                   0000000180000000     MSVCRTD:MSVCR120D.dll
 0000:ffff5000       .debug$S                   0000000180000000     MSVCRTD:MSVCR120D.dll
 0000:ffff5000       .debug$S                   0000000180000000     MSVCRTD:MSVCR120D.dll
 0000:ffff5000       .debug$S                   0000000180000000     MSVCRTD:MSVCR120D.dll
 0000:ffff5000       .debug$S                   0000000180000000     MSVCRTD:MSVCR120D.dll
 0000:ffff5000       .debug$S                   0000000180000000     MSVCRTD:MSVCR120D.dll
 0001:00000000       ??__EInf@af@@YAXXZ         0000000180001000 f   CUDAMexMandelbrotArrayFire.cu.obj
 0001:00000030       ??__ENaN@af@@YAXXZ         0000000180001030 f   CUDAMexMandelbrotArrayFire.cu.obj
 0001:00000060       ??__Eallocator_arg@std@@YAXXZ 0000000180001060 f   CUDAMexMandelbrotArrayFire.cu.obj
 0001:00000090       ??__Epiecewise_construct@std@@YAXXZ 0000000180001090 f   CUDAMexMandelbrotArrayFire.cu.obj
 0001:000000c0       ?__nv_save_fatbinhandle_for_managed_rt@@YAXPEAPEAX@Z 00000001800010c0 f   CUDAMexMandelbrotArrayFire.cu.obj
 0001:000000e0       hypotf                     00000001800010e0 f   CUDAMexMandelbrotArrayFire.cu.obj
 0001:000006f0       ?____nv_dummy_param_ref@@YAXPEAX@Z 00000001800016f0 f   CUDAMexMandelbrotArrayFire.cu.obj
 0001:00000710       ?__cudaUnregisterBinaryUtil@@YAXXZ 0000000180001710 f   CUDAMexMandelbrotArrayFire.cu.obj
 0001:00000750       ?__nv_cudaEntityRegisterCallback@@YAXPEAPEAX@Z 0000000180001750 f   CUDAMexMandelbrotArrayFire.cu.obj
 0001:00000790       ?__sti____cudaRegisterAll_61_tmpxft_00001158_00000000_5_CUDAMexMandelbrotArrayFire_cpp1_ii_da886f28@@YAXXZ 0000000180001790 f   CUDAMexMandelbrotArrayFire.cu.obj
 0001:00000b50       pre_c_init                 0000000180001b50 f   MSVCRTD:crtdll.obj
 0001:00000fe0       __DllMainCRTStartup        0000000180001fe0 f   MSVCRTD:crtdll.obj
 0001:00001170       ?DebuggerProbe@@YAHK@Z     0000000180002170 f   MSVCRTD:error.obj
 0001:000011c0       ?DebuggerRuntime@@YAHKHPEAXPEB_W@Z 00000001800021c0 f   MSVCRTD:error.obj
 0001:00001340       ?_strlen_priv@@YA_KPEBD@Z  0000000180002340 f   MSVCRTD:error.obj
 0001:00001360       ?failwithmessage@@YAXPEAXHHPEBD@Z 0000000180002360 f   MSVCRTD:error.obj
 0001:000019c0       ?GetPdbDll@@YAPEAUHINSTANCE__@@XZ 00000001800029c0 f   MSVCRTD:pdblkup.obj
 0001:00001b10       ?GetPdbDllFromInstallPath@@YAPEAUHINSTANCE__@@XZ 0000000180002b10 f   MSVCRTD:pdblkup.obj
 0001:00001d70       ?GetPdbDllPathFromFilePath@@YAHPEB_WPEA_W_K@Z 0000000180002d70 f   MSVCRTD:pdblkup.obj
 0001:00002350       $$000000                   0000000180003350     MSVCRTD:amdsecgs.obj
 0001:000024e0       _onexit$fin$0              00000001800034e0 f   MSVCRTD:atonexit.obj
 0001:00002500       __DllMainCRTStartup$filt$0 0000000180003500 f   MSVCRTD:crtdll.obj
 0001:00002530       __DllMainCRTStartup$fin$1  0000000180003530 f   MSVCRTD:crtdll.obj
 0001:00002550       ?filt$0@?0??DebuggerProbe@@YAHK@Z@4HA 0000000180003550 f   MSVCRTD:error.obj
 0001:00002570       ?filt$0@?0??DebuggerRuntime@@YAHKHPEAXPEB_W@Z@4HA 0000000180003570 f   MSVCRTD:error.obj
 0001:00002590       _IsNonwritableInCurrentImage$filt$0 0000000180003590 f   MSVCRTD:pesect.obj
 0002:000002b8       NaN$initializer$           00000001800042b8     CUDAMexMandelbrotArrayFire.cu.obj
 0002:000002c0       Inf$initializer$           00000001800042c0     CUDAMexMandelbrotArrayFire.cu.obj
 0002:000002c8       allocator_arg$initializer$ 00000001800042c8     CUDAMexMandelbrotArrayFire.cu.obj
 0002:000002d0       piecewise_construct$initializer$ 00000001800042d0     CUDAMexMandelbrotArrayFire.cu.obj
 0002:000002d8       __dummy_static_init__sti____cudaRegisterAll_61_tmpxft_00001158_00000000_5_CUDAMexMandelbrotArrayFire_cpp1_ii_da886f28 00000001800042d8     CUDAMexMandelbrotArrayFire.cu.obj
 0002:000002f0       pcinit                     00000001800042f0     MSVCRTD:crtdll.obj
 0002:000002f8       pinit                      00000001800042f8     MSVCRTD:atonexit.obj
 0002:00000350       $SG167275                  0000000180004350     CUDAMexMandelbrotArrayFire.cu.obj
 0002:000003b0       $SG167278                  00000001800043b0     CUDAMexMandelbrotArrayFire.cu.obj
 0002:000003d0       $SG167389                  00000001800043d0     CUDAMexMandelbrotArrayFire.cu.obj
 0002:00000418       $SG93679                   0000000180004418     CUDAMexMandelbrotArrayFire.cu.obj
 0002:0000041c       $SG93680                   000000018000441c     CUDAMexMandelbrotArrayFire.cu.obj
 0002:00000420       $SG93681                   0000000180004420     CUDAMexMandelbrotArrayFire.cu.obj
 0002:00000428       mexFunction$rtcName$0      0000000180004428     CUDAMexMandelbrotArrayFire.cu.obj
 0002:00000430       mexFunction$rtcName$1      0000000180004430     CUDAMexMandelbrotArrayFire.cu.obj
 0002:00000438       mexFunction$rtcName$2      0000000180004438     CUDAMexMandelbrotArrayFire.cu.obj
 0002:00000448       mexFunction$rtcName$3      0000000180004448     CUDAMexMandelbrotArrayFire.cu.obj
 0002:00000458       mexFunction$rtcName$4      0000000180004458     CUDAMexMandelbrotArrayFire.cu.obj
 0002:00000468       mexFunction$rtcName$5      0000000180004468     CUDAMexMandelbrotArrayFire.cu.obj
 0002:00000478       mexFunction$rtcName$6      0000000180004478     CUDAMexMandelbrotArrayFire.cu.obj
 0002:00000488       mexFunction$rtcFrameData   0000000180004488     CUDAMexMandelbrotArrayFire.cu.obj
 0002:000004a0       mexFunction$rtcVarDesc     00000001800044a0     CUDAMexMandelbrotArrayFire.cu.obj
 0002:00000808       _RTC_ErrorMessages         0000000180004808     MSVCRTD:error.obj
 0002:00000838       _RTC_NoFalsePositives      0000000180004838     MSVCRTD:error.obj
 0002:00000850       stack_premsg               0000000180004850     MSVCRTD:error.obj
 0002:00000870       stack_postmsg              0000000180004870     MSVCRTD:error.obj
 0002:00000888       uninit_premsg              0000000180004888     MSVCRTD:error.obj
 0002:00000898       uninit_postmsg             0000000180004898     MSVCRTD:error.obj
 0002:00000ca8       _RTC_errlist               0000000180004ca8     MSVCRTD:userapi.obj
 0002:00000d88       mspdbName                  0000000180004d88     MSVCRTD:pdblkup.obj
 0002:00000db8       msvcrdFilename             0000000180004db8     MSVCRTD:pdblkup.obj
 0002:00000ec0       ?dllExt@?1??GetPdbDllPathFromFilePath@@YAHPEB_WPEA_W_K@Z@4QB_WB 0000000180004ec0     MSVCRTD:pdblkup.obj
 0002:00000ec8       ?mspdbFilename@?1??GetPdbDllPathFromFilePath@@YAHPEB_WPEA_W_K@Z@4QB_WB 0000000180004ec8     MSVCRTD:pdblkup.obj
 0002:00000f10       GS_ExceptionPointers       0000000180004f10     MSVCRTD:gs_report.obj
 0002:00001050       $unwind$?__nv_save_fatbinhandle_for_managed_rt@@YAXPEAPEAX@Z 0000000180005050     CUDAMexMandelbrotArrayFire.cu.obj
 0002:00001058       $unwind$hypotf             0000000180005058     CUDAMexMandelbrotArrayFire.cu.obj
 0002:00001060       $unwind$mexFunction        0000000180005060     CUDAMexMandelbrotArrayFire.cu.obj
 0002:0000106c       $unwind$?____nv_dummy_param_ref@@YAXPEAX@Z 000000018000506c     CUDAMexMandelbrotArrayFire.cu.obj
 0002:00001074       $unwind$?__cudaUnregisterBinaryUtil@@YAXXZ 0000000180005074     CUDAMexMandelbrotArrayFire.cu.obj
 0002:0000107c       $unwind$?__nv_cudaEntityRegisterCallback@@YAXPEAPEAX@Z 000000018000507c     CUDAMexMandelbrotArrayFire.cu.obj
 0002:00001084       $unwind$?__sti____cudaRegisterAll_61_tmpxft_00001158_00000000_5_CUDAMexMandelbrotArrayFire_cpp1_ii_da886f28@@YAXXZ 0000000180005084     CUDAMexMandelbrotArrayFire.cu.obj
 0002:0000108c       $unwind$?infinity@?$numeric_limits@N@std@@SANXZ 000000018000508c     CUDAMexMandelbrotArrayFire.cu.obj
 0002:00001094       $unwind$?quiet_NaN@?$numeric_limits@N@std@@SANXZ 0000000180005094     CUDAMexMandelbrotArrayFire.cu.obj
 0002:0000109c       $unwind$??__Epiecewise_construct@std@@YAXXZ 000000018000509c     CUDAMexMandelbrotArrayFire.cu.obj
 0002:000010a4       $unwind$??__Eallocator_arg@std@@YAXXZ 00000001800050a4     CUDAMexMandelbrotArrayFire.cu.obj
 0002:000010ac       $unwind$??__ENaN@af@@YAXXZ 00000001800050ac     CUDAMexMandelbrotArrayFire.cu.obj
 0002:000010b4       $unwind$??__EInf@af@@YAXXZ 00000001800050b4     CUDAMexMandelbrotArrayFire.cu.obj
 0002:000010bc       $unwind$atexit             00000001800050bc     MSVCRTD:atonexit.obj
 0002:000010c4       $unwind$_onexit            00000001800050c4     MSVCRTD:atonexit.obj
 0002:000010e4       $unwind$_onexit$fin$0      00000001800050e4     MSVCRTD:atonexit.obj
 0002:000010ec       $unwind$__atonexitinit     00000001800050ec     MSVCRTD:atonexit.obj
 0002:000010f4       $unwind$_RTC_CheckStackVars 00000001800050f4     MSVCRTD:stack.obj
 0002:00001104       $chain$0$_RTC_CheckStackVars 0000000180005104     MSVCRTD:stack.obj
 0002:00001118       $chain$1$_RTC_CheckStackVars 0000000180005118     MSVCRTD:stack.obj
 0002:00001128       $unwind$_CRT_INIT          0000000180005128     MSVCRTD:crtdll.obj
 0002:00001130       $unwind$pre_c_init         0000000180005130     MSVCRTD:crtdll.obj
 0002:00001138       $unwind$__DllMainCRTStartup 0000000180005138     MSVCRTD:crtdll.obj
 0002:00001168       $unwind$__DllMainCRTStartup$filt$0 0000000180005168     MSVCRTD:crtdll.obj
 0002:00001170       $unwind$__DllMainCRTStartup$fin$1 0000000180005170     MSVCRTD:crtdll.obj
 0002:00001178       $unwind$_DllMainCRTStartup 0000000180005178     MSVCRTD:crtdll.obj
 0002:00001180       $unwind$?_RTC_StackFailure@@YAXPEAXPEBD@Z 0000000180005180     MSVCRTD:error.obj
 0002:0000119c       $unwind$?DebuggerProbe@@YAHK@Z 000000018000519c     MSVCRTD:error.obj
 0002:000011bc       $unwind$?filt$0@?0??DebuggerProbe@@YAHK@Z@4HA 00000001800051bc     MSVCRTD:error.obj
 0002:000011c4       $unwind$?DebuggerRuntime@@YAHKHPEAXPEB_W@Z 00000001800051c4     MSVCRTD:error.obj
 0002:000011e4       $unwind$?filt$0@?0??DebuggerRuntime@@YAHKHPEAXPEB_W@Z@4HA 00000001800051e4     MSVCRTD:error.obj
 0002:000011ec       $unwind$?failwithmessage@@YAXPEAXHHPEBD@Z 00000001800051ec     MSVCRTD:error.obj
 0002:00001210       $unwind$_ValidateImageBase 0000000180005210     MSVCRTD:pesect.obj
 0002:00001218       $unwind$_FindPESection     0000000180005218     MSVCRTD:pesect.obj
 0002:00001220       $unwind$_IsNonwritableInCurrentImage 0000000180005220     MSVCRTD:pesect.obj
 0002:00001240       $unwind$_IsNonwritableInCurrentImage$filt$0 0000000180005240     MSVCRTD:pesect.obj
 0002:00001248       $unwind$__security_init_cookie 0000000180005248     MSVCRTD:gs_support.obj
 0002:00001250       $unwind$DllMain            0000000180005250     MSVCRTD:dllmain.obj
 0002:00001258       $unwind$_RTC_Initialize    0000000180005258     MSVCRTD:initsect.obj
 0002:00001264       $unwind$_RTC_Terminate     0000000180005264     MSVCRTD:initsect.obj
 0002:00001270       $unwind$__clean_type_info_names 0000000180005270     MSVCRTD:tncleanup.obj
 0002:00001278       $unwind$?_RTC_GetSrcLine@@YAHPEAEPEA_WKPEAH1K@Z 0000000180005278     MSVCRTD:pdblkup.obj
 0002:00001294       $unwind$?GetPdbDllFromInstallPath@@YAPEAUHINSTANCE__@@XZ 0000000180005294     MSVCRTD:pdblkup.obj
 0002:000012a8       $chain$0$?GetPdbDllFromInstallPath@@YAPEAUHINSTANCE__@@XZ 00000001800052a8     MSVCRTD:pdblkup.obj
 0002:000012bc       $chain$1$?GetPdbDllFromInstallPath@@YAPEAUHINSTANCE__@@XZ 00000001800052bc     MSVCRTD:pdblkup.obj
 0002:000012d0       $chain$2$?GetPdbDllFromInstallPath@@YAPEAUHINSTANCE__@@XZ 00000001800052d0     MSVCRTD:pdblkup.obj
 0002:000012e4       $chain$3$?GetPdbDllFromInstallPath@@YAPEAUHINSTANCE__@@XZ 00000001800052e4     MSVCRTD:pdblkup.obj
 0002:000012f4       $chain$4$?GetPdbDllFromInstallPath@@YAPEAUHINSTANCE__@@XZ 00000001800052f4     MSVCRTD:pdblkup.obj
 0002:00001304       $chain$5$?GetPdbDllFromInstallPath@@YAPEAUHINSTANCE__@@XZ 0000000180005304     MSVCRTD:pdblkup.obj
 0002:00001314       $unwind$?GetPdbDllPathFromFilePath@@YAHPEB_WPEA_W_K@Z 0000000180005314     MSVCRTD:pdblkup.obj
 0002:0000132c       $unwind$?GetPdbDll@@YAPEAUHINSTANCE__@@XZ 000000018000532c     MSVCRTD:pdblkup.obj
 0002:0000133c       $unwind$__GSHandlerCheckCommon 000000018000533c     MSVCRTD:gshandler.obj
 0002:00001344       $unwind$__GSHandlerCheck   0000000180005344     MSVCRTD:gshandler.obj
 0002:00001350       $xdatasym                  0000000180005350     MSVCRTD:amdsecgs.obj
 0002:00001354       $unwind$__raise_securityfailure 0000000180005354     MSVCRTD:gs_report.obj
 0002:0000135c       $unwind$__report_gsfailure 000000018000535c     MSVCRTD:gs_report.obj
 0002:00001370       .edata                     0000000180005370     MandelbrotCUDATest1.exp
 0002:00001398       rgpv                       0000000180005398     MandelbrotCUDATest1.exp
 0002:0000139c       rgszName                   000000018000539c     MandelbrotCUDATest1.exp
 0002:000013a0       rgwOrd                     00000001800053a0     MandelbrotCUDATest1.exp
 0002:000013a2       szName                     00000001800053a2     MandelbrotCUDATest1.exp
 0002:000013bd       $N00001                    00000001800053bd     MandelbrotCUDATest1.exp
 0002:00001774       .idata$6                   0000000180005774     cudart:cudart64_65.dll
 0002:00001876       .idata$6                   0000000180005876     gpu:gpu.dll
 0002:0000188c       .idata$6                   000000018000588c     libmx:libmx.dll
 0002:000018b2       .idata$6                   00000001800058b2     libmex:libmex.dll
 0002:00001ab8       .idata$6                   0000000180005ab8     afcuda:afcuda.dll
 0002:00001ad4       .idata$6                   0000000180005ad4     msvcprtd:MSVCP120D.dll
 0002:00001aec       .idata$6                   0000000180005aec     MSVCRTD:MSVCR120D.dll
 0002:00001e2a       .idata$6                   0000000180005e2a     kernel32:KERNEL32.dll
 0003:00000030       __nv_inited_managed_rt     0000000180006030     CUDAMexMandelbrotArrayFire.cu.obj
 0003:00000031       allocator_arg              0000000180006031     CUDAMexMandelbrotArrayFire.cu.obj
 0003:00000032       piecewise_construct        0000000180006032     CUDAMexMandelbrotArrayFire.cu.obj
 0003:00000038       NaN                        0000000180006038     CUDAMexMandelbrotArrayFire.cu.obj
 0003:00000040       Inf                        0000000180006040     CUDAMexMandelbrotArrayFire.cu.obj
 0003:00000048       __nv_fatbinhandle_for_managed_rt 0000000180006048     CUDAMexMandelbrotArrayFire.cu.obj
 0003:00000050       __cudaFatCubinHandle       0000000180006050     CUDAMexMandelbrotArrayFire.cu.obj
 0003:00000080       ?__ref@?1??____nv_dummy_param_ref@@YAXPEAX@Z@4PEAPECXEA 0000000180006080     CUDAMexMandelbrotArrayFire.cu.obj
 0003:00000088       ?__ref@?2??__nv_cudaEntityRegisterCallback@@YAXPEAPEAX@Z@4PEAPECXEA 0000000180006088     CUDAMexMandelbrotArrayFire.cu.obj
 0003:00000090       __proc_attached            0000000180006090     MSVCRTD:crtdll.obj
 0003:000000a0       _RTC_ErrorReportFunc       00000001800060a0     MSVCRTD:userapi.obj
 0003:000000a8       _RTC_ErrorReportFuncW      00000001800060a8     MSVCRTD:userapi.obj
 0003:000000c0       mspdb                      00000001800060c0     MSVCRTD:pdblkup.obj
 0003:000000c8       ?alreadyTried@?1??GetPdbDll@@YAPEAUHINSTANCE__@@XZ@4_NA 00000001800060c8     MSVCRTD:pdblkup.obj
 0003:000000c9       ?PDBOK@?BM@??_RTC_GetSrcLine@@YAHPEAEPEA_WKPEAH1K@Z@4_NA 00000001800060c9     MSVCRTD:pdblkup.obj
 0003:000000d0       GS_ExceptionRecord         00000001800060d0     MSVCRTD:gs_report.obj
 0003:00000170       GS_ContextRecord           0000000180006170     MSVCRTD:gs_report.obj
 0003:00000640       DebuggerWasPresent         0000000180006640     MSVCRTD:gs_report.obj
 0004:00000000       $pdata$??__EInf@af@@YAXXZ  0000000180007000     CUDAMexMandelbrotArrayFire.cu.obj
 0004:0000000c       $pdata$??__ENaN@af@@YAXXZ  000000018000700c     CUDAMexMandelbrotArrayFire.cu.obj
 0004:00000018       $pdata$??__Eallocator_arg@std@@YAXXZ 0000000180007018     CUDAMexMandelbrotArrayFire.cu.obj
 0004:00000024       $pdata$??__Epiecewise_construct@std@@YAXXZ 0000000180007024     CUDAMexMandelbrotArrayFire.cu.obj
 0004:00000030       $pdata$?__nv_save_fatbinhandle_for_managed_rt@@YAXPEAPEAX@Z 0000000180007030     CUDAMexMandelbrotArrayFire.cu.obj
 0004:0000003c       $pdata$hypotf              000000018000703c     CUDAMexMandelbrotArrayFire.cu.obj
 0004:00000048       $pdata$mexFunction         0000000180007048     CUDAMexMandelbrotArrayFire.cu.obj
 0004:00000054       $pdata$?____nv_dummy_param_ref@@YAXPEAX@Z 0000000180007054     CUDAMexMandelbrotArrayFire.cu.obj
 0004:00000060       $pdata$?__cudaUnregisterBinaryUtil@@YAXXZ 0000000180007060     CUDAMexMandelbrotArrayFire.cu.obj
 0004:0000006c       $pdata$?__nv_cudaEntityRegisterCallback@@YAXPEAPEAX@Z 000000018000706c     CUDAMexMandelbrotArrayFire.cu.obj
 0004:00000078       $pdata$?__sti____cudaRegisterAll_61_tmpxft_00001158_00000000_5_CUDAMexMandelbrotArrayFire_cpp1_ii_da886f28@@YAXXZ 0000000180007078     CUDAMexMandelbrotArrayFire.cu.obj
 0004:00000084       $pdata$?infinity@?$numeric_limits@N@std@@SANXZ 0000000180007084     CUDAMexMandelbrotArrayFire.cu.obj
 0004:00000090       $pdata$?quiet_NaN@?$numeric_limits@N@std@@SANXZ 0000000180007090     CUDAMexMandelbrotArrayFire.cu.obj
 0004:0000009c       $pdata$__atonexitinit      000000018000709c     MSVCRTD:atonexit.obj
 0004:000000a8       $pdata$_onexit             00000001800070a8     MSVCRTD:atonexit.obj
 0004:000000b4       $pdata$atexit              00000001800070b4     MSVCRTD:atonexit.obj
 0004:000000c0       $pdata$_RTC_CheckStackVars 00000001800070c0     MSVCRTD:stack.obj
 0004:000000cc       $pdata$0$_RTC_CheckStackVars 00000001800070cc     MSVCRTD:stack.obj
 0004:000000d8       $pdata$1$_RTC_CheckStackVars 00000001800070d8     MSVCRTD:stack.obj
 0004:000000e4       $pdata$pre_c_init          00000001800070e4     MSVCRTD:crtdll.obj
 0004:000000f0       $pdata$_CRT_INIT           00000001800070f0     MSVCRTD:crtdll.obj
 0004:000000fc       $pdata$_DllMainCRTStartup  00000001800070fc     MSVCRTD:crtdll.obj
 0004:00000108       $pdata$__DllMainCRTStartup 0000000180007108     MSVCRTD:crtdll.obj
 0004:00000114       $pdata$?DebuggerProbe@@YAHK@Z 0000000180007114     MSVCRTD:error.obj
 0004:00000120       $pdata$?DebuggerRuntime@@YAHKHPEAXPEB_W@Z 0000000180007120     MSVCRTD:error.obj
 0004:0000012c       $pdata$?_RTC_StackFailure@@YAXPEAXPEBD@Z 000000018000712c     MSVCRTD:error.obj
 0004:00000138       $pdata$?failwithmessage@@YAXPEAXHHPEBD@Z 0000000180007138     MSVCRTD:error.obj
 0004:00000144       $pdata$_FindPESection      0000000180007144     MSVCRTD:pesect.obj
 0004:00000150       $pdata$_IsNonwritableInCurrentImage 0000000180007150     MSVCRTD:pesect.obj
 0004:0000015c       $pdata$_ValidateImageBase  000000018000715c     MSVCRTD:pesect.obj
 0004:00000168       $pdata$__security_init_cookie 0000000180007168     MSVCRTD:gs_support.obj
 0004:00000174       $pdata$DllMain             0000000180007174     MSVCRTD:dllmain.obj
 0004:00000180       $pdata$_RTC_Initialize     0000000180007180     MSVCRTD:initsect.obj
 0004:0000018c       $pdata$_RTC_Terminate      000000018000718c     MSVCRTD:initsect.obj
 0004:00000198       $pdata$__clean_type_info_names 0000000180007198     MSVCRTD:tncleanup.obj
 0004:000001a4       $pdata$?GetPdbDll@@YAPEAUHINSTANCE__@@XZ 00000001800071a4     MSVCRTD:pdblkup.obj
 0004:000001b0       $pdata$?GetPdbDllFromInstallPath@@YAPEAUHINSTANCE__@@XZ 00000001800071b0     MSVCRTD:pdblkup.obj
 0004:000001bc       $pdata$0$?GetPdbDllFromInstallPath@@YAPEAUHINSTANCE__@@XZ 00000001800071bc     MSVCRTD:pdblkup.obj
 0004:000001c8       $pdata$1$?GetPdbDllFromInstallPath@@YAPEAUHINSTANCE__@@XZ 00000001800071c8     MSVCRTD:pdblkup.obj
 0004:000001d4       $pdata$2$?GetPdbDllFromInstallPath@@YAPEAUHINSTANCE__@@XZ 00000001800071d4     MSVCRTD:pdblkup.obj
 0004:000001e0       $pdata$3$?GetPdbDllFromInstallPath@@YAPEAUHINSTANCE__@@XZ 00000001800071e0     MSVCRTD:pdblkup.obj
 0004:000001ec       $pdata$4$?GetPdbDllFromInstallPath@@YAPEAUHINSTANCE__@@XZ 00000001800071ec     MSVCRTD:pdblkup.obj
 0004:000001f8       $pdata$5$?GetPdbDllFromInstallPath@@YAPEAUHINSTANCE__@@XZ 00000001800071f8     MSVCRTD:pdblkup.obj
 0004:00000204       $pdata$?GetPdbDllPathFromFilePath@@YAHPEB_WPEA_W_K@Z 0000000180007204     MSVCRTD:pdblkup.obj
 0004:00000210       $pdata$?_RTC_GetSrcLine@@YAHPEAEPEA_WKPEAH1K@Z 0000000180007210     MSVCRTD:pdblkup.obj
 0004:0000021c       $pdata$__GSHandlerCheck    000000018000721c     MSVCRTD:gshandler.obj
 0004:00000228       $pdata$__GSHandlerCheckCommon 0000000180007228     MSVCRTD:gshandler.obj
 0004:00000240       $pdata$__raise_securityfailure 0000000180007240     MSVCRTD:gs_report.obj
 0004:0000024c       $pdata$__report_gsfailure  000000018000724c     MSVCRTD:gs_report.obj
 0004:00000258       $pdata$_onexit$fin$0       0000000180007258     MSVCRTD:atonexit.obj
 0004:00000264       $pdata$__DllMainCRTStartup$filt$0 0000000180007264     MSVCRTD:crtdll.obj
 0004:00000270       $pdata$__DllMainCRTStartup$fin$1 0000000180007270     MSVCRTD:crtdll.obj
 0004:0000027c       $pdata$?filt$0@?0??DebuggerProbe@@YAHK@Z@4HA 000000018000727c     MSVCRTD:error.obj
 0004:00000288       $pdata$?filt$0@?0??DebuggerRuntime@@YAHKHPEAXPEB_W@Z@4HA 0000000180007288     MSVCRTD:error.obj
 0004:00000294       $pdata$_IsNonwritableInCurrentImage$filt$0 0000000180007294     MSVCRTD:pesect.obj
 0005:00000000       fatbinData                 0000000180008000     CUDAMexMandelbrotArrayFire.cu.obj
 0006:00000000       __fatDeviceText            0000000180009000     CUDAMexMandelbrotArrayFire.cu.obj
